PREHOOK: query: explain
select  
 'web' as channel
 ,web.item
 ,web.return_ratio
 ,web.return_rank
 ,web.currency_rank
 from (
 	select 
 	 item
 	,return_ratio
 	,currency_ratio
 	,rank() over (order by return_ratio) as return_rank
 	,rank() over (order by currency_ratio) as currency_rank
 	from
 	(	select ws.ws_item_sk as item
 		,(cast(sum(coalesce(wr.wr_return_quantity,0)) as dec(15,4))/
 		cast(sum(coalesce(ws.ws_quantity,0)) as dec(15,4) )) as return_ratio
 		,(cast(sum(coalesce(wr.wr_return_amt,0)) as dec(15,4))/
 		cast(sum(coalesce(ws.ws_net_paid,0)) as dec(15,4) )) as currency_ratio
 		from 
 		 web_sales ws left outer join web_returns wr 
 			on (ws.ws_order_number = wr.wr_order_number and 
 			ws.ws_item_sk = wr.wr_item_sk)
                 ,date_dim
 		where 
 			wr.wr_return_amt > 10000 
 			and ws.ws_net_profit > 1
                         and ws.ws_net_paid > 0
                         and ws.ws_quantity > 0
                         and ws_sold_date_sk = d_date_sk
                         and d_year = 2000
                         and d_moy = 12
 		group by ws.ws_item_sk
 	) in_web
 ) web
 where 
 (
 web.return_rank <= 10
 or
 web.currency_rank <= 10
 )
 union
 select 
 'catalog' as channel
 ,catalog.item
 ,catalog.return_ratio
 ,catalog.return_rank
 ,catalog.currency_rank
 from (
 	select 
 	 item
 	,return_ratio
 	,currency_ratio
 	,rank() over (order by return_ratio) as return_rank
 	,rank() over (order by currency_ratio) as currency_rank
 	from
 	(	select 
 		cs.cs_item_sk as item
 		,(cast(sum(coalesce(cr.cr_return_quantity,0)) as dec(15,4))/
 		cast(sum(coalesce(cs.cs_quantity,0)) as dec(15,4) )) as return_ratio
 		,(cast(sum(coalesce(cr.cr_return_amount,0)) as dec(15,4))/
 		cast(sum(coalesce(cs.cs_net_paid,0)) as dec(15,4) )) as currency_ratio
 		from 
 		catalog_sales cs left outer join catalog_returns cr
 			on (cs.cs_order_number = cr.cr_order_number and 
 			cs.cs_item_sk = cr.cr_item_sk)
                ,date_dim
 		where 
 			cr.cr_return_amount > 10000 
 			and cs.cs_net_profit > 1
                         and cs.cs_net_paid > 0
                         and cs.cs_quantity > 0
                         and cs_sold_date_sk = d_date_sk
                         and d_year = 2000
                         and d_moy = 12
                 group by cs.cs_item_sk
 	) in_cat
 ) catalog
 where 
 (
 catalog.return_rank <= 10
 or
 catalog.currency_rank <=10
 )
 union
 select 
 'store' as channel
 ,store.item
 ,store.return_ratio
 ,store.return_rank
 ,store.currency_rank
 from (
 	select 
 	 item
 	,return_ratio
 	,currency_ratio
 	,rank() over (order by return_ratio) as return_rank
 	,rank() over (order by currency_ratio) as currency_rank
 	from
 	(	select sts.ss_item_sk as item
 		,(cast(sum(coalesce(sr.sr_return_quantity,0)) as dec(15,4))/cast(sum(coalesce(sts.ss_quantity,0)) as dec(15,4) )) as return_ratio
 		,(cast(sum(coalesce(sr.sr_return_amt,0)) as dec(15,4))/cast(sum(coalesce(sts.ss_net_paid,0)) as dec(15,4) )) as currency_ratio
 		from 
 		store_sales sts left outer join store_returns sr
 			on (sts.ss_ticket_number = sr.sr_ticket_number and sts.ss_item_sk = sr.sr_item_sk)
                ,date_dim
 		where 
 			sr.sr_return_amt > 10000 
 			and sts.ss_net_profit > 1
                         and sts.ss_net_paid > 0 
                         and sts.ss_quantity > 0
                         and ss_sold_date_sk = d_date_sk
                         and d_year = 2000
                         and d_moy = 12
 		group by sts.ss_item_sk
 	) in_store
 ) store
 where  (
 store.return_rank <= 10
 or 
 store.currency_rank <= 10
 )
 order by 1,4,5
 limit 100
PREHOOK: type: QUERY
POSTHOOK: query: explain
select  
 'web' as channel
 ,web.item
 ,web.return_ratio
 ,web.return_rank
 ,web.currency_rank
 from (
 	select 
 	 item
 	,return_ratio
 	,currency_ratio
 	,rank() over (order by return_ratio) as return_rank
 	,rank() over (order by currency_ratio) as currency_rank
 	from
 	(	select ws.ws_item_sk as item
 		,(cast(sum(coalesce(wr.wr_return_quantity,0)) as dec(15,4))/
 		cast(sum(coalesce(ws.ws_quantity,0)) as dec(15,4) )) as return_ratio
 		,(cast(sum(coalesce(wr.wr_return_amt,0)) as dec(15,4))/
 		cast(sum(coalesce(ws.ws_net_paid,0)) as dec(15,4) )) as currency_ratio
 		from 
 		 web_sales ws left outer join web_returns wr 
 			on (ws.ws_order_number = wr.wr_order_number and 
 			ws.ws_item_sk = wr.wr_item_sk)
                 ,date_dim
 		where 
 			wr.wr_return_amt > 10000 
 			and ws.ws_net_profit > 1
                         and ws.ws_net_paid > 0
                         and ws.ws_quantity > 0
                         and ws_sold_date_sk = d_date_sk
                         and d_year = 2000
                         and d_moy = 12
 		group by ws.ws_item_sk
 	) in_web
 ) web
 where 
 (
 web.return_rank <= 10
 or
 web.currency_rank <= 10
 )
 union
 select 
 'catalog' as channel
 ,catalog.item
 ,catalog.return_ratio
 ,catalog.return_rank
 ,catalog.currency_rank
 from (
 	select 
 	 item
 	,return_ratio
 	,currency_ratio
 	,rank() over (order by return_ratio) as return_rank
 	,rank() over (order by currency_ratio) as currency_rank
 	from
 	(	select 
 		cs.cs_item_sk as item
 		,(cast(sum(coalesce(cr.cr_return_quantity,0)) as dec(15,4))/
 		cast(sum(coalesce(cs.cs_quantity,0)) as dec(15,4) )) as return_ratio
 		,(cast(sum(coalesce(cr.cr_return_amount,0)) as dec(15,4))/
 		cast(sum(coalesce(cs.cs_net_paid,0)) as dec(15,4) )) as currency_ratio
 		from 
 		catalog_sales cs left outer join catalog_returns cr
 			on (cs.cs_order_number = cr.cr_order_number and 
 			cs.cs_item_sk = cr.cr_item_sk)
                ,date_dim
 		where 
 			cr.cr_return_amount > 10000 
 			and cs.cs_net_profit > 1
                         and cs.cs_net_paid > 0
                         and cs.cs_quantity > 0
                         and cs_sold_date_sk = d_date_sk
                         and d_year = 2000
                         and d_moy = 12
                 group by cs.cs_item_sk
 	) in_cat
 ) catalog
 where 
 (
 catalog.return_rank <= 10
 or
 catalog.currency_rank <=10
 )
 union
 select 
 'store' as channel
 ,store.item
 ,store.return_ratio
 ,store.return_rank
 ,store.currency_rank
 from (
 	select 
 	 item
 	,return_ratio
 	,currency_ratio
 	,rank() over (order by return_ratio) as return_rank
 	,rank() over (order by currency_ratio) as currency_rank
 	from
 	(	select sts.ss_item_sk as item
 		,(cast(sum(coalesce(sr.sr_return_quantity,0)) as dec(15,4))/cast(sum(coalesce(sts.ss_quantity,0)) as dec(15,4) )) as return_ratio
 		,(cast(sum(coalesce(sr.sr_return_amt,0)) as dec(15,4))/cast(sum(coalesce(sts.ss_net_paid,0)) as dec(15,4) )) as currency_ratio
 		from 
 		store_sales sts left outer join store_returns sr
 			on (sts.ss_ticket_number = sr.sr_ticket_number and sts.ss_item_sk = sr.sr_item_sk)
                ,date_dim
 		where 
 			sr.sr_return_amt > 10000 
 			and sts.ss_net_profit > 1
                         and sts.ss_net_paid > 0 
                         and sts.ss_quantity > 0
                         and ss_sold_date_sk = d_date_sk
                         and d_year = 2000
                         and d_moy = 12
 		group by sts.ss_item_sk
 	) in_store
 ) store
 where  (
 store.return_rank <= 10
 or 
 store.currency_rank <= 10
 )
 order by 1,4,5
 limit 100
POSTHOOK: type: QUERY
Plan optimized by CBO.

Vertex dependency in root stage
Map 1 <- Reducer 13 (BROADCAST_EDGE)
Map 27 <- Reducer 19 (BROADCAST_EDGE)
Map 29 <- Reducer 25 (BROADCAST_EDGE)
Reducer 10 <- Union 9 (SIMPLE_EDGE)
Reducer 11 <- Reducer 10 (SIMPLE_EDGE)
Reducer 13 <- Map 12 (CUSTOM_SIMPLE_EDGE)
Reducer 14 <- Map 12 (SIMPLE_EDGE), Map 27 (SIMPLE_EDGE)
Reducer 15 <- Map 28 (SIMPLE_EDGE), Reducer 14 (SIMPLE_EDGE)
Reducer 16 <- Reducer 15 (SIMPLE_EDGE)
Reducer 17 <- Reducer 16 (SIMPLE_EDGE)
Reducer 18 <- Reducer 17 (SIMPLE_EDGE), Union 7 (CONTAINS)
Reducer 19 <- Map 12 (CUSTOM_SIMPLE_EDGE)
Reducer 2 <- Map 1 (SIMPLE_EDGE), Map 12 (SIMPLE_EDGE)
Reducer 20 <- Map 12 (SIMPLE_EDGE), Map 29 (SIMPLE_EDGE)
Reducer 21 <- Map 30 (SIMPLE_EDGE), Reducer 20 (SIMPLE_EDGE)
Reducer 22 <- Reducer 21 (SIMPLE_EDGE)
Reducer 23 <- Reducer 22 (SIMPLE_EDGE)
Reducer 24 <- Reducer 23 (SIMPLE_EDGE), Union 9 (CONTAINS)
Reducer 25 <- Map 12 (CUSTOM_SIMPLE_EDGE)
Reducer 3 <- Map 26 (SIMPLE_EDGE), Reducer 2 (SIMPLE_EDGE)
Reducer 4 <- Reducer 3 (SIMPLE_EDGE)
Reducer 5 <- Reducer 4 (SIMPLE_EDGE)
Reducer 6 <- Reducer 5 (SIMPLE_EDGE), Union 7 (CONTAINS)
Reducer 8 <- Union 7 (SIMPLE_EDGE), Union 9 (CONTAINS)

Stage-0
  Fetch Operator
    limit:100
    Stage-1
      Reducer 11 vectorized
      File Output Operator [FS_312]
        Limit [LIM_311] (rows=100 width=88)
          Number of rows:100
          Select Operator [SEL_310] (rows=8604378 width=88)
            Output:["_col0","_col1","_col2","_col3","_col4"]
          <-Reducer 10 [SIMPLE_EDGE] vectorized
            SHUFFLE [RS_309]
              Select Operator [SEL_308] (rows=8604378 width=88)
                Output:["_col0","_col1","_col2","_col3","_col4"]
                Group By Operator [GBY_307] (rows=8604378 width=88)
                  Output:["_col0","_col1","_col2","_col3","_col4"],keys:KEY._col0, KEY._col1, KEY._col2, KEY._col3, KEY._col4
                <-Union 9 [SIMPLE_EDGE]
                  <-Reducer 24 [CONTAINS] vectorized
                    Reduce Output Operator [RS_353]
                      PartitionCols:_col0, _col1, _col2, _col3, _col4
                      Group By Operator [GBY_352] (rows=17208756 width=88)
                        Output:["_col0","_col1","_col2","_col3","_col4"],keys:_col0, _col3, _col4, _col1, _col2
                        Top N Key Operator [TNK_351] (rows=8604378 width=88)
                          keys:_col0, _col3, _col4, _col1, _col2,sort order:+++++,top n:100
                          Select Operator [SEL_350] (rows=8604378 width=88)
                            Output:["_col0","_col1","_col2","_col3","_col4"]
                            Filter Operator [FIL_349] (rows=8604378 width=88)
                              predicate:((_col0 <= 10) or (rank_window_1 <= 10))
                              PTF Operator [PTF_348] (rows=12906568 width=88)
                                Function definitions:[{},{"name:":"windowingtablefunction","order by:":"(CAST( _col4 AS decimal(15,4)) / CAST( _col5 AS decimal(15,4))) ASC NULLS FIRST","partition by:":"0"}]
                                Select Operator [SEL_347] (rows=12906568 width=88)
                                  Output:["_col0","_col1","_col2","_col3","_col4","_col5"]
                                <-Reducer 23 [SIMPLE_EDGE] vectorized
                                  SHUFFLE [RS_346]
                                    PartitionCols:0
                                    Select Operator [SEL_345] (rows=12906568 width=88)
                                      Output:["rank_window_0","_col0","_col1","_col2","_col3","_col4"]
                                      PTF Operator [PTF_344] (rows=12906568 width=88)
                                        Function definitions:[{},{"name:":"windowingtablefunction","order by:":"(CAST( _col1 AS decimal(15,4)) / CAST( _col2 AS decimal(15,4))) ASC NULLS FIRST","partition by:":"0"}]
                                        Select Operator [SEL_343] (rows=12906568 width=88)
                                          Output:["_col0","_col1","_col2","_col3","_col4"]
                                        <-Reducer 22 [SIMPLE_EDGE] vectorized
                                          SHUFFLE [RS_342]
                                            PartitionCols:0
                                            Group By Operator [GBY_341] (rows=12906568 width=88)
                                              Output:["_col0","_col1","_col2","_col3","_col4"],aggregations:["sum(VALUE._col0)","sum(VALUE._col1)","sum(VALUE._col2)","sum(VALUE._col3)"],keys:KEY._col0
                                            <-Reducer 21 [SIMPLE_EDGE]
                                              SHUFFLE [RS_89]
                                                PartitionCols:_col0
                                                Group By Operator [GBY_88] (rows=25813137 width=88)
                                                  Output:["_col0","_col1","_col2","_col3","_col4"],aggregations:["sum(_col1)","sum(_col2)","sum(_col3)","sum(_col4)"],keys:_col0
                                                  Select Operator [SEL_86] (rows=25813137 width=88)
                                                    Output:["_col0","_col1","_col2","_col3","_col4"]
                                                    Merge Join Operator [MERGEJOIN_239] (rows=25813137 width=88)
                                                      Conds:RS_83._col1, _col2=RS_340._col0, _col1(Inner),Output:["_col1","_col3","_col4","_col11","_col12"]
                                                    <-Map 30 [SIMPLE_EDGE] vectorized
                                                      SHUFFLE [RS_340]
                                                        PartitionCols:_col0, _col1
                                                        Select Operator [SEL_339] (rows=19197050 width=77)
                                                          Output:["_col0","_col1","_col2","_col3"]
                                                          Filter Operator [FIL_338] (rows=19197050 width=77)
                                                            predicate:((sr_return_amt > 10000) and sr_item_sk is not null and sr_ticket_number is not null)
                                                            TableScan [TS_77] (rows=57591150 width=77)
                                                              default@store_returns,sr,Tbl:COMPLETE,Col:NONE,Output:["sr_item_sk","sr_ticket_number","sr_return_quantity","sr_return_amt"]
                                                    <-Reducer 20 [SIMPLE_EDGE]
                                                      SHUFFLE [RS_83]
                                                        PartitionCols:_col1, _col2
                                                        Merge Join Operator [MERGEJOIN_238] (rows=23466488 width=88)
                                                          Conds:RS_337._col0=RS_274._col0(Inner),Output:["_col1","_col2","_col3","_col4"]
                                                        <-Map 12 [SIMPLE_EDGE] vectorized
                                                          PARTITION_ONLY_SHUFFLE [RS_274]
                                                            PartitionCols:_col0
                                                            Select Operator [SEL_269] (rows=18262 width=1119)
                                                              Output:["_col0"]
                                                              Filter Operator [FIL_268] (rows=18262 width=1119)
                                                                predicate:((d_moy = 12) and (d_year = 2000) and d_date_sk is not null)
                                                                TableScan [TS_3] (rows=73049 width=1119)
                                                                  default@date_dim,date_dim,Tbl:COMPLETE,Col:NONE,Output:["d_date_sk","d_year","d_moy"]
                                                        <-Map 29 [SIMPLE_EDGE] vectorized
                                                          SHUFFLE [RS_337]
                                                            PartitionCols:_col0
                                                            Select Operator [SEL_336] (rows=21333171 width=88)
                                                              Output:["_col0","_col1","_col2","_col3","_col4"]
                                                              Filter Operator [FIL_335] (rows=21333171 width=88)
                                                                predicate:((ss_net_paid > 0) and (ss_net_profit > 1) and (ss_quantity > 0) and (ss_sold_date_sk BETWEEN DynamicValue(RS_81_date_dim_d_date_sk_min) AND DynamicValue(RS_81_date_dim_d_date_sk_max) and in_bloom_filter(ss_sold_date_sk, DynamicValue(RS_81_date_dim_d_date_sk_bloom_filter))) and ss_item_sk is not null and ss_sold_date_sk is not null and ss_ticket_number is not null)
                                                                TableScan [TS_71] (rows=575995635 width=88)
                                                                  default@store_sales,sts,Tbl:COMPLETE,Col:NONE,Output:["ss_sold_date_sk","ss_item_sk","ss_ticket_number","ss_quantity","ss_net_paid","ss_net_profit"]
                                                                <-Reducer 25 [BROADCAST_EDGE] vectorized
                                                                  BROADCAST [RS_334]
                                                                    Group By Operator [GBY_333] (rows=1 width=12)
                                                                      Output:["_col0","_col1","_col2"],aggregations:["min(VALUE._col0)","max(VALUE._col1)","bloom_filter(VALUE._col2, expectedEntries=1000000)"]
                                                                    <-Map 12 [CUSTOM_SIMPLE_EDGE] vectorized
                                                                      PARTITION_ONLY_SHUFFLE [RS_281]
                                                                        Group By Operator [GBY_278] (rows=1 width=12)
                                                                          Output:["_col0","_col1","_col2"],aggregations:["min(_col0)","max(_col0)","bloom_filter(_col0, expectedEntries=1000000)"]
                                                                          Select Operator [SEL_275] (rows=18262 width=1119)
                                                                            Output:["_col0"]
                                                                             Please refer to the previous Select Operator [SEL_269]
                  <-Reducer 8 [CONTAINS] vectorized
                    Reduce Output Operator [RS_306]
                      PartitionCols:_col0, _col1, _col2, _col3, _col4
                      Group By Operator [GBY_305] (rows=17208756 width=88)
                        Output:["_col0","_col1","_col2","_col3","_col4"],keys:_col0, _col3, _col4, _col1, _col2
                        Top N Key Operator [TNK_304] (rows=8604378 width=88)
                          keys:_col0, _col3, _col4, _col1, _col2,sort order:+++++,top n:100
                          Select Operator [SEL_303] (rows=3226610 width=135)
                            Output:["_col0","_col1","_col2","_col3","_col4"]
                            Group By Operator [GBY_302] (rows=3226610 width=135)
                              Output:["_col0","_col1","_col2","_col3","_col4"],keys:KEY._col0, KEY._col1, KEY._col2, KEY._col3, KEY._col4
                            <-Union 7 [SIMPLE_EDGE]
                              <-Reducer 18 [CONTAINS] vectorized
                                Reduce Output Operator [RS_332]
                                  PartitionCols:_col0, _col1, _col2, _col3, _col4
                                  Group By Operator [GBY_331] (rows=6453220 width=135)
                                    Output:["_col0","_col1","_col2","_col3","_col4"],keys:_col0, _col3, _col4, _col1, _col2
                                    Select Operator [SEL_330] (rows=4302070 width=135)
                                      Output:["_col0","_col1","_col2","_col3","_col4"]
                                      Filter Operator [FIL_329] (rows=4302070 width=135)
                                        predicate:((_col0 <= 10) or (rank_window_1 <= 10))
                                        PTF Operator [PTF_328] (rows=6453105 width=135)
                                          Function definitions:[{},{"name:":"windowingtablefunction","order by:":"(CAST( _col4 AS decimal(15,4)) / CAST( _col5 AS decimal(15,4))) ASC NULLS FIRST","partition by:":"0"}]
                                          Select Operator [SEL_327] (rows=6453105 width=135)
                                            Output:["_col0","_col1","_col2","_col3","_col4","_col5"]
                                          <-Reducer 17 [SIMPLE_EDGE] vectorized
                                            SHUFFLE [RS_326]
                                              PartitionCols:0
                                              Select Operator [SEL_325] (rows=6453105 width=135)
                                                Output:["rank_window_0","_col0","_col1","_col2","_col3","_col4"]
                                                PTF Operator [PTF_324] (rows=6453105 width=135)
                                                  Function definitions:[{},{"name:":"windowingtablefunction","order by:":"(CAST( _col1 AS decimal(15,4)) / CAST( _col2 AS decimal(15,4))) ASC NULLS FIRST","partition by:":"0"}]
                                                  Select Operator [SEL_323] (rows=6453105 width=135)
                                                    Output:["_col0","_col1","_col2","_col3","_col4"]
                                                  <-Reducer 16 [SIMPLE_EDGE] vectorized
                                                    SHUFFLE [RS_322]
                                                      PartitionCols:0
                                                      Group By Operator [GBY_321] (rows=6453105 width=135)
                                                        Output:["_col0","_col1","_col2","_col3","_col4"],aggregations:["sum(VALUE._col0)","sum(VALUE._col1)","sum(VALUE._col2)","sum(VALUE._col3)"],keys:KEY._col0
                                                      <-Reducer 15 [SIMPLE_EDGE]
                                                        SHUFFLE [RS_50]
                                                          PartitionCols:_col0
                                                          Group By Operator [GBY_49] (rows=12906211 width=135)
                                                            Output:["_col0","_col1","_col2","_col3","_col4"],aggregations:["sum(_col1)","sum(_col2)","sum(_col3)","sum(_col4)"],keys:_col0
                                                            Select Operator [SEL_47] (rows=12906211 width=135)
                                                              Output:["_col0","_col1","_col2","_col3","_col4"]
                                                              Merge Join Operator [MERGEJOIN_237] (rows=12906211 width=135)
                                                                Conds:RS_44._col1, _col2=RS_320._col0, _col1(Inner),Output:["_col1","_col3","_col4","_col11","_col12"]
                                                              <-Map 28 [SIMPLE_EDGE] vectorized
                                                                SHUFFLE [RS_320]
                                                                  PartitionCols:_col0, _col1
                                                                  Select Operator [SEL_319] (rows=9599627 width=106)
                                                                    Output:["_col0","_col1","_col2","_col3"]
                                                                    Filter Operator [FIL_318] (rows=9599627 width=106)
                                                                      predicate:((cr_return_amount > 10000) and cr_item_sk is not null and cr_order_number is not null)
                                                                      TableScan [TS_38] (rows=28798881 width=106)
                                                                        default@catalog_returns,cr,Tbl:COMPLETE,Col:NONE,Output:["cr_item_sk","cr_order_number","cr_return_quantity","cr_return_amount"]
                                                              <-Reducer 14 [SIMPLE_EDGE]
                                                                SHUFFLE [RS_44]
                                                                  PartitionCols:_col1, _col2
                                                                  Merge Join Operator [MERGEJOIN_236] (rows=11732919 width=135)
                                                                    Conds:RS_317._col0=RS_272._col0(Inner),Output:["_col1","_col2","_col3","_col4"]
                                                                  <-Map 12 [SIMPLE_EDGE] vectorized
                                                                    PARTITION_ONLY_SHUFFLE [RS_272]
                                                                      PartitionCols:_col0
                                                                       Please refer to the previous Select Operator [SEL_269]
                                                                  <-Map 27 [SIMPLE_EDGE] vectorized
                                                                    SHUFFLE [RS_317]
                                                                      PartitionCols:_col0
                                                                      Select Operator [SEL_316] (rows=10666290 width=135)
                                                                        Output:["_col0","_col1","_col2","_col3","_col4"]
                                                                        Filter Operator [FIL_315] (rows=10666290 width=135)
                                                                          predicate:((cs_net_paid > 0) and (cs_net_profit > 1) and (cs_quantity > 0) and (cs_sold_date_sk BETWEEN DynamicValue(RS_42_date_dim_d_date_sk_min) AND DynamicValue(RS_42_date_dim_d_date_sk_max) and in_bloom_filter(cs_sold_date_sk, DynamicValue(RS_42_date_dim_d_date_sk_bloom_filter))) and cs_item_sk is not null and cs_order_number is not null and cs_sold_date_sk is not null)
                                                                          TableScan [TS_32] (rows=287989836 width=135)
                                                                            default@catalog_sales,cs,Tbl:COMPLETE,Col:NONE,Output:["cs_sold_date_sk","cs_item_sk","cs_order_number","cs_quantity","cs_net_paid","cs_net_profit"]
                                                                          <-Reducer 19 [BROADCAST_EDGE] vectorized
                                                                            BROADCAST [RS_314]
                                                                              Group By Operator [GBY_313] (rows=1 width=12)
                                                                                Output:["_col0","_col1","_col2"],aggregations:["min(VALUE._col0)","max(VALUE._col1)","bloom_filter(VALUE._col2, expectedEntries=1000000)"]
                                                                              <-Map 12 [CUSTOM_SIMPLE_EDGE] vectorized
                                                                                PARTITION_ONLY_SHUFFLE [RS_280]
                                                                                  Group By Operator [GBY_277] (rows=1 width=12)
                                                                                    Output:["_col0","_col1","_col2"],aggregations:["min(_col0)","max(_col0)","bloom_filter(_col0, expectedEntries=1000000)"]
                                                                                    Select Operator [SEL_273] (rows=18262 width=1119)
                                                                                      Output:["_col0"]
                                                                                       Please refer to the previous Select Operator [SEL_269]
                              <-Reducer 6 [CONTAINS] vectorized
                                Reduce Output Operator [RS_301]
                                  PartitionCols:_col0, _col1, _col2, _col3, _col4
                                  Group By Operator [GBY_300] (rows=6453220 width=135)
                                    Output:["_col0","_col1","_col2","_col3","_col4"],keys:_col0, _col3, _col4, _col1, _col2
                                    Select Operator [SEL_299] (rows=2151150 width=135)
                                      Output:["_col0","_col1","_col2","_col3","_col4"]
                                      Filter Operator [FIL_298] (rows=2151150 width=135)
                                        predicate:((_col0 <= 10) or (rank_window_1 <= 10))
                                        PTF Operator [PTF_297] (rows=3226726 width=135)
                                          Function definitions:[{},{"name:":"windowingtablefunction","order by:":"(CAST( _col4 AS decimal(15,4)) / CAST( _col5 AS decimal(15,4))) ASC NULLS FIRST","partition by:":"0"}]
                                          Select Operator [SEL_296] (rows=3226726 width=135)
                                            Output:["_col0","_col1","_col2","_col3","_col4","_col5"]
                                          <-Reducer 5 [SIMPLE_EDGE] vectorized
                                            SHUFFLE [RS_295]
                                              PartitionCols:0
                                              Select Operator [SEL_294] (rows=3226726 width=135)
                                                Output:["rank_window_0","_col0","_col1","_col2","_col3","_col4"]
                                                PTF Operator [PTF_293] (rows=3226726 width=135)
                                                  Function definitions:[{},{"name:":"windowingtablefunction","order by:":"(CAST( _col1 AS decimal(15,4)) / CAST( _col2 AS decimal(15,4))) ASC NULLS FIRST","partition by:":"0"}]
                                                  Select Operator [SEL_292] (rows=3226726 width=135)
                                                    Output:["_col0","_col1","_col2","_col3","_col4"]
                                                  <-Reducer 4 [SIMPLE_EDGE] vectorized
                                                    SHUFFLE [RS_291]
                                                      PartitionCols:0
                                                      Group By Operator [GBY_290] (rows=3226726 width=135)
                                                        Output:["_col0","_col1","_col2","_col3","_col4"],aggregations:["sum(VALUE._col0)","sum(VALUE._col1)","sum(VALUE._col2)","sum(VALUE._col3)"],keys:KEY._col0
                                                      <-Reducer 3 [SIMPLE_EDGE]
                                                        SHUFFLE [RS_18]
                                                          PartitionCols:_col0
                                                          Group By Operator [GBY_17] (rows=6453452 width=135)
                                                            Output:["_col0","_col1","_col2","_col3","_col4"],aggregations:["sum(_col1)","sum(_col2)","sum(_col3)","sum(_col4)"],keys:_col0
                                                            Select Operator [SEL_15] (rows=6453452 width=135)
                                                              Output:["_col0","_col1","_col2","_col3","_col4"]
                                                              Merge Join Operator [MERGEJOIN_235] (rows=6453452 width=135)
                                                                Conds:RS_12._col1, _col2=RS_289._col0, _col1(Inner),Output:["_col1","_col3","_col4","_col11","_col12"]
                                                              <-Map 26 [SIMPLE_EDGE] vectorized
                                                                SHUFFLE [RS_289]
                                                                  PartitionCols:_col0, _col1
                                                                  Select Operator [SEL_288] (rows=4799489 width=92)
                                                                    Output:["_col0","_col1","_col2","_col3"]
                                                                    Filter Operator [FIL_287] (rows=4799489 width=92)
                                                                      predicate:((wr_return_amt > 10000) and wr_item_sk is not null and wr_order_number is not null)
                                                                      TableScan [TS_6] (rows=14398467 width=92)
                                                                        default@web_returns,wr,Tbl:COMPLETE,Col:NONE,Output:["wr_item_sk","wr_order_number","wr_return_quantity","wr_return_amt"]
                                                              <-Reducer 2 [SIMPLE_EDGE]
                                                                SHUFFLE [RS_12]
                                                                  PartitionCols:_col1, _col2
                                                                  Merge Join Operator [MERGEJOIN_234] (rows=5866775 width=135)
                                                                    Conds:RS_286._col0=RS_270._col0(Inner),Output:["_col1","_col2","_col3","_col4"]
                                                                  <-Map 12 [SIMPLE_EDGE] vectorized
                                                                    PARTITION_ONLY_SHUFFLE [RS_270]
                                                                      PartitionCols:_col0
                                                                       Please refer to the previous Select Operator [SEL_269]
                                                                  <-Map 1 [SIMPLE_EDGE] vectorized
                                                                    SHUFFLE [RS_286]
                                                                      PartitionCols:_col0
                                                                      Select Operator [SEL_285] (rows=5333432 width=135)
                                                                        Output:["_col0","_col1","_col2","_col3","_col4"]
                                                                        Filter Operator [FIL_284] (rows=5333432 width=135)
                                                                          predicate:((ws_net_paid > 0) and (ws_net_profit > 1) and (ws_quantity > 0) and (ws_sold_date_sk BETWEEN DynamicValue(RS_10_date_dim_d_date_sk_min) AND DynamicValue(RS_10_date_dim_d_date_sk_max) and in_bloom_filter(ws_sold_date_sk, DynamicValue(RS_10_date_dim_d_date_sk_bloom_filter))) and ws_item_sk is not null and ws_order_number is not null and ws_sold_date_sk is not null)
                                                                          TableScan [TS_0] (rows=144002668 width=135)
                                                                            default@web_sales,ws,Tbl:COMPLETE,Col:NONE,Output:["ws_sold_date_sk","ws_item_sk","ws_order_number","ws_quantity","ws_net_paid","ws_net_profit"]
                                                                          <-Reducer 13 [BROADCAST_EDGE] vectorized
                                                                            BROADCAST [RS_283]
                                                                              Group By Operator [GBY_282] (rows=1 width=12)
                                                                                Output:["_col0","_col1","_col2"],aggregations:["min(VALUE._col0)","max(VALUE._col1)","bloom_filter(VALUE._col2, expectedEntries=1000000)"]
                                                                              <-Map 12 [CUSTOM_SIMPLE_EDGE] vectorized
                                                                                PARTITION_ONLY_SHUFFLE [RS_279]
                                                                                  Group By Operator [GBY_276] (rows=1 width=12)
                                                                                    Output:["_col0","_col1","_col2"],aggregations:["min(_col0)","max(_col0)","bloom_filter(_col0, expectedEntries=1000000)"]
                                                                                    Select Operator [SEL_271] (rows=18262 width=1119)
                                                                                      Output:["_col0"]
                                                                                       Please refer to the previous Select Operator [SEL_269]

