PREHOOK: query: explain
select  
   substr(w_warehouse_name,1,20)
  ,sm_type
  ,cc_name
  ,sum(case when (cs_ship_date_sk - cs_sold_date_sk <= 30 ) then 1 else 0 end)  as `30 days` 
  ,sum(case when (cs_ship_date_sk - cs_sold_date_sk > 30) and 
                 (cs_ship_date_sk - cs_sold_date_sk <= 60) then 1 else 0 end )  as `31-60 days` 
  ,sum(case when (cs_ship_date_sk - cs_sold_date_sk > 60) and 
                 (cs_ship_date_sk - cs_sold_date_sk <= 90) then 1 else 0 end)  as `61-90 days` 
  ,sum(case when (cs_ship_date_sk - cs_sold_date_sk > 90) and
                 (cs_ship_date_sk - cs_sold_date_sk <= 120) then 1 else 0 end)  as `91-120 days` 
  ,sum(case when (cs_ship_date_sk - cs_sold_date_sk  > 120) then 1 else 0 end)  as `>120 days` 
from
   catalog_sales
  ,warehouse
  ,ship_mode
  ,call_center
  ,date_dim
where
    d_month_seq between 1212 and 1212 + 11
and cs_ship_date_sk   = d_date_sk
and cs_warehouse_sk   = w_warehouse_sk
and cs_ship_mode_sk   = sm_ship_mode_sk
and cs_call_center_sk = cc_call_center_sk
group by
   substr(w_warehouse_name,1,20)
  ,sm_type
  ,cc_name
order by substr(w_warehouse_name,1,20)
        ,sm_type
        ,cc_name
limit 100
PREHOOK: type: QUERY
POSTHOOK: query: explain
select  
   substr(w_warehouse_name,1,20)
  ,sm_type
  ,cc_name
  ,sum(case when (cs_ship_date_sk - cs_sold_date_sk <= 30 ) then 1 else 0 end)  as `30 days` 
  ,sum(case when (cs_ship_date_sk - cs_sold_date_sk > 30) and 
                 (cs_ship_date_sk - cs_sold_date_sk <= 60) then 1 else 0 end )  as `31-60 days` 
  ,sum(case when (cs_ship_date_sk - cs_sold_date_sk > 60) and 
                 (cs_ship_date_sk - cs_sold_date_sk <= 90) then 1 else 0 end)  as `61-90 days` 
  ,sum(case when (cs_ship_date_sk - cs_sold_date_sk > 90) and
                 (cs_ship_date_sk - cs_sold_date_sk <= 120) then 1 else 0 end)  as `91-120 days` 
  ,sum(case when (cs_ship_date_sk - cs_sold_date_sk  > 120) then 1 else 0 end)  as `>120 days` 
from
   catalog_sales
  ,warehouse
  ,ship_mode
  ,call_center
  ,date_dim
where
    d_month_seq between 1212 and 1212 + 11
and cs_ship_date_sk   = d_date_sk
and cs_warehouse_sk   = w_warehouse_sk
and cs_ship_mode_sk   = sm_ship_mode_sk
and cs_call_center_sk = cc_call_center_sk
group by
   substr(w_warehouse_name,1,20)
  ,sm_type
  ,cc_name
order by substr(w_warehouse_name,1,20)
        ,sm_type
        ,cc_name
limit 100
POSTHOOK: type: QUERY
Plan optimized by CBO.

Vertex dependency in root stage
Map 1 <- Reducer 11 (BROADCAST_EDGE), Reducer 13 (BROADCAST_EDGE), Reducer 15 (BROADCAST_EDGE), Reducer 9 (BROADCAST_EDGE)
Reducer 11 <- Map 10 (CUSTOM_SIMPLE_EDGE)
Reducer 13 <- Map 12 (CUSTOM_SIMPLE_EDGE)
Reducer 15 <- Map 14 (CUSTOM_SIMPLE_EDGE)
Reducer 2 <- Map 1 (SIMPLE_EDGE), Map 8 (SIMPLE_EDGE)
Reducer 3 <- Map 10 (SIMPLE_EDGE), Reducer 2 (SIMPLE_EDGE)
Reducer 4 <- Map 12 (SIMPLE_EDGE), Reducer 3 (SIMPLE_EDGE)
Reducer 5 <- Map 14 (SIMPLE_EDGE), Reducer 4 (SIMPLE_EDGE)
Reducer 6 <- Reducer 5 (SIMPLE_EDGE)
Reducer 7 <- Reducer 6 (SIMPLE_EDGE)
Reducer 9 <- Map 8 (CUSTOM_SIMPLE_EDGE)

Stage-0
  Fetch Operator
    limit:-1
    Stage-1
      Reducer 7 vectorized
      File Output Operator [FS_153]
        Limit [LIM_152] (rows=100 width=135)
          Number of rows:100
          Select Operator [SEL_151] (rows=210822976 width=135)
            Output:["_col0","_col1","_col2","_col3","_col4","_col5","_col6","_col7"]
          <-Reducer 6 [SIMPLE_EDGE] vectorized
            SHUFFLE [RS_150]
              Select Operator [SEL_149] (rows=210822976 width=135)
                Output:["_col1","_col2","_col3","_col4","_col5","_col6","_col7","_col8"]
                Group By Operator [GBY_148] (rows=210822976 width=135)
                  Output:["_col0","_col1","_col2","_col3","_col4","_col5","_col6","_col7"],aggregations:["sum(VALUE._col0)","sum(VALUE._col1)","sum(VALUE._col2)","sum(VALUE._col3)","sum(VALUE._col4)"],keys:KEY._col0, KEY._col1, KEY._col2
                <-Reducer 5 [SIMPLE_EDGE]
                  SHUFFLE [RS_30]
                    PartitionCols:_col0, _col1, _col2
                    Group By Operator [GBY_29] (rows=421645953 width=135)
                      Output:["_col0","_col1","_col2","_col3","_col4","_col5","_col6","_col7"],aggregations:["sum(_col3)","sum(_col4)","sum(_col5)","sum(_col6)","sum(_col7)"],keys:_col0, _col1, _col2
                      Select Operator [SEL_27] (rows=421645953 width=135)
                        Output:["_col0","_col1","_col2","_col3","_col4","_col5","_col6","_col7"]
                        Top N Key Operator [TNK_57] (rows=421645953 width=135)
                          keys:substr(_col10, 1, 20), _col12, _col8,sort order:+++,top n:100
                          Merge Join Operator [MERGEJOIN_101] (rows=421645953 width=135)
                            Conds:RS_24._col3=RS_139._col0(Inner),Output:["_col0","_col1","_col8","_col10","_col12"]
                          <-Map 14 [SIMPLE_EDGE] vectorized
                            SHUFFLE [RS_139]
                              PartitionCols:_col0
                              Select Operator [SEL_137] (rows=1 width=0)
                                Output:["_col0","_col1"]
                                Top N Key Operator [TNK_136]
                                  keys:sm_type,sort order:+,top n:100
                                  Filter Operator [FIL_135] (rows=1 width=0)
                                    predicate:sm_ship_mode_sk is not null
                                    TableScan [TS_12] (rows=1 width=0)
                                      default@ship_mode,ship_mode,Tbl:PARTIAL,Col:NONE,Output:["sm_ship_mode_sk","sm_type"]
                          <-Reducer 4 [SIMPLE_EDGE]
                            SHUFFLE [RS_24]
                              PartitionCols:_col3
                              Top N Key Operator [TNK_102]
                                keys:_col0, _col8,sort order:++,top n:100
                                Merge Join Operator [MERGEJOIN_100] (rows=383314495 width=135)
                                  Conds:RS_21._col4=RS_130._col0(Inner),Output:["_col0","_col1","_col3","_col8","_col10"]
                                <-Map 12 [SIMPLE_EDGE] vectorized
                                  SHUFFLE [RS_130]
                                    PartitionCols:_col0
                                    Select Operator [SEL_128] (rows=27 width=1029)
                                      Output:["_col0","_col1"]
                                      Top N Key Operator [TNK_127]
                                        keys:w_warehouse_name,sort order:+,top n:100
                                        Filter Operator [FIL_126] (rows=27 width=1029)
                                          predicate:w_warehouse_sk is not null
                                          TableScan [TS_9] (rows=27 width=1029)
                                            default@warehouse,warehouse,Tbl:COMPLETE,Col:NONE,Output:["w_warehouse_sk","w_warehouse_name"]
                                <-Reducer 3 [SIMPLE_EDGE]
                                  SHUFFLE [RS_21]
                                    PartitionCols:_col4
                                    Top N Key Operator [TNK_103]
                                      keys:_col0, _col8,sort order:++,top n:100
                                      Merge Join Operator [MERGEJOIN_99] (rows=348467716 width=135)
                                        Conds:RS_18._col2=RS_121._col0(Inner),Output:["_col0","_col1","_col3","_col4","_col8"]
                                      <-Map 10 [SIMPLE_EDGE] vectorized
                                        SHUFFLE [RS_121]
                                          PartitionCols:_col0
                                          Select Operator [SEL_119] (rows=60 width=2045)
                                            Output:["_col0","_col1"]
                                            Top N Key Operator [TNK_118]
                                              keys:cc_name, cc_name,sort order:++,top n:100
                                              Filter Operator [FIL_117] (rows=60 width=2045)
                                                predicate:cc_call_center_sk is not null
                                                TableScan [TS_6] (rows=60 width=2045)
                                                  default@call_center,call_center,Tbl:COMPLETE,Col:NONE,Output:["cc_call_center_sk","cc_name"]
                                      <-Reducer 2 [SIMPLE_EDGE]
                                        SHUFFLE [RS_18]
                                          PartitionCols:_col2
                                          Top N Key Operator [TNK_104]
                                            keys:_col0, _col0,sort order:++,top n:100
                                            Merge Join Operator [MERGEJOIN_98] (rows=316788826 width=135)
                                              Conds:RS_147._col1=RS_111._col0(Inner),Output:["_col0","_col1","_col2","_col3","_col4"]
                                            <-Map 8 [SIMPLE_EDGE] vectorized
                                              PARTITION_ONLY_SHUFFLE [RS_111]
                                                PartitionCols:_col0
                                                Select Operator [SEL_110] (rows=8116 width=1119)
                                                  Output:["_col0"]
                                                  Filter Operator [FIL_109] (rows=8116 width=1119)
                                                    predicate:(d_date_sk is not null and d_month_seq BETWEEN 1212 AND 1223)
                                                    TableScan [TS_3] (rows=73049 width=1119)
                                                      default@date_dim,date_dim,Tbl:COMPLETE,Col:NONE,Output:["d_date_sk","d_month_seq"]
                                            <-Map 1 [SIMPLE_EDGE] vectorized
                                              SHUFFLE [RS_147]
                                                PartitionCols:_col1
                                                Select Operator [SEL_146] (rows=287989836 width=135)
                                                  Output:["_col0","_col1","_col2","_col3","_col4"]
                                                  Top N Key Operator [TNK_145]
                                                    keys:cs_sold_date_sk, cs_sold_date_sk,sort order:++,top n:100
                                                    Filter Operator [FIL_144] (rows=287989836 width=135)
                                                      predicate:((cs_call_center_sk BETWEEN DynamicValue(RS_19_call_center_cc_call_center_sk_min) AND DynamicValue(RS_19_call_center_cc_call_center_sk_max) and in_bloom_filter(cs_call_center_sk, DynamicValue(RS_19_call_center_cc_call_center_sk_bloom_filter))) and (cs_ship_date_sk BETWEEN DynamicValue(RS_16_date_dim_d_date_sk_min) AND DynamicValue(RS_16_date_dim_d_date_sk_max) and in_bloom_filter(cs_ship_date_sk, DynamicValue(RS_16_date_dim_d_date_sk_bloom_filter))) and (cs_ship_mode_sk BETWEEN DynamicValue(RS_25_ship_mode_sm_ship_mode_sk_min) AND DynamicValue(RS_25_ship_mode_sm_ship_mode_sk_max) and in_bloom_filter(cs_ship_mode_sk, DynamicValue(RS_25_ship_mode_sm_ship_mode_sk_bloom_filter))) and (cs_warehouse_sk BETWEEN DynamicValue(RS_22_warehouse_w_warehouse_sk_min) AND DynamicValue(RS_22_warehouse_w_warehouse_sk_max) and in_bloom_filter(cs_warehouse_sk, DynamicValue(RS_22_warehouse_w_warehouse_sk_bloom_filter))) and cs_call_center_sk is not null and cs_ship_date_sk is not null and cs_ship_mode_sk is not null and cs_warehouse_sk is not null)
                                                      TableScan [TS_0] (rows=287989836 width=135)
                                                        default@catalog_sales,catalog_sales,Tbl:COMPLETE,Col:NONE,Output:["cs_sold_date_sk","cs_ship_date_sk","cs_call_center_sk","cs_ship_mode_sk","cs_warehouse_sk"]
                                                      <-Reducer 11 [BROADCAST_EDGE] vectorized
                                                        BROADCAST [RS_125]
                                                          Group By Operator [GBY_124] (rows=1 width=12)
                                                            Output:["_col0","_col1","_col2"],aggregations:["min(VALUE._col0)","max(VALUE._col1)","bloom_filter(VALUE._col2, expectedEntries=1000000)"]
                                                          <-Map 10 [CUSTOM_SIMPLE_EDGE] vectorized
                                                            SHUFFLE [RS_123]
                                                              Group By Operator [GBY_122] (rows=1 width=12)
                                                                Output:["_col0","_col1","_col2"],aggregations:["min(_col0)","max(_col0)","bloom_filter(_col0, expectedEntries=1000000)"]
                                                                Select Operator [SEL_120] (rows=60 width=2045)
                                                                  Output:["_col0"]
                                                                   Please refer to the previous Select Operator [SEL_119]
                                                      <-Reducer 13 [BROADCAST_EDGE] vectorized
                                                        BROADCAST [RS_134]
                                                          Group By Operator [GBY_133] (rows=1 width=12)
                                                            Output:["_col0","_col1","_col2"],aggregations:["min(VALUE._col0)","max(VALUE._col1)","bloom_filter(VALUE._col2, expectedEntries=1000000)"]
                                                          <-Map 12 [CUSTOM_SIMPLE_EDGE] vectorized
                                                            SHUFFLE [RS_132]
                                                              Group By Operator [GBY_131] (rows=1 width=12)
                                                                Output:["_col0","_col1","_col2"],aggregations:["min(_col0)","max(_col0)","bloom_filter(_col0, expectedEntries=1000000)"]
                                                                Select Operator [SEL_129] (rows=27 width=1029)
                                                                  Output:["_col0"]
                                                                   Please refer to the previous Select Operator [SEL_128]
                                                      <-Reducer 15 [BROADCAST_EDGE] vectorized
                                                        BROADCAST [RS_143]
                                                          Group By Operator [GBY_142] (rows=1 width=12)
                                                            Output:["_col0","_col1","_col2"],aggregations:["min(VALUE._col0)","max(VALUE._col1)","bloom_filter(VALUE._col2, expectedEntries=1000000)"]
                                                          <-Map 14 [CUSTOM_SIMPLE_EDGE] vectorized
                                                            SHUFFLE [RS_141]
                                                              Group By Operator [GBY_140] (rows=1 width=12)
                                                                Output:["_col0","_col1","_col2"],aggregations:["min(_col0)","max(_col0)","bloom_filter(_col0, expectedEntries=1000000)"]
                                                                Select Operator [SEL_138] (rows=1 width=0)
                                                                  Output:["_col0"]
                                                                   Please refer to the previous Select Operator [SEL_137]
                                                      <-Reducer 9 [BROADCAST_EDGE] vectorized
                                                        BROADCAST [RS_116]
                                                          Group By Operator [GBY_115] (rows=1 width=12)
                                                            Output:["_col0","_col1","_col2"],aggregations:["min(VALUE._col0)","max(VALUE._col1)","bloom_filter(VALUE._col2, expectedEntries=1000000)"]
                                                          <-Map 8 [CUSTOM_SIMPLE_EDGE] vectorized
                                                            PARTITION_ONLY_SHUFFLE [RS_114]
                                                              Group By Operator [GBY_113] (rows=1 width=12)
                                                                Output:["_col0","_col1","_col2"],aggregations:["min(_col0)","max(_col0)","bloom_filter(_col0, expectedEntries=1000000)"]
                                                                Select Operator [SEL_112] (rows=8116 width=1119)
                                                                  Output:["_col0"]
                                                                   Please refer to the previous Select Operator [SEL_110]

