PREHOOK: query: explain
select  i_item_id
       ,i_item_desc
       ,s_state
       ,count(ss_quantity) as store_sales_quantitycount
       ,avg(ss_quantity) as store_sales_quantityave
       ,stddev_samp(ss_quantity) as store_sales_quantitystdev
       ,stddev_samp(ss_quantity)/avg(ss_quantity) as store_sales_quantitycov
       ,count(sr_return_quantity) as_store_returns_quantitycount
       ,avg(sr_return_quantity) as_store_returns_quantityave
       ,stddev_samp(sr_return_quantity) as_store_returns_quantitystdev
       ,stddev_samp(sr_return_quantity)/avg(sr_return_quantity) as store_returns_quantitycov
       ,count(cs_quantity) as catalog_sales_quantitycount ,avg(cs_quantity) as catalog_sales_quantityave
       ,stddev_samp(cs_quantity)/avg(cs_quantity) as catalog_sales_quantitystdev
       ,stddev_samp(cs_quantity)/avg(cs_quantity) as catalog_sales_quantitycov
 from store_sales
     ,store_returns
     ,catalog_sales
     ,date_dim d1
     ,date_dim d2
     ,date_dim d3
     ,store
     ,item
 where d1.d_quarter_name = '2000Q1'
   and d1.d_date_sk = ss_sold_date_sk
   and i_item_sk = ss_item_sk
   and s_store_sk = ss_store_sk
   and ss_customer_sk = sr_customer_sk
   and ss_item_sk = sr_item_sk
   and ss_ticket_number = sr_ticket_number
   and sr_returned_date_sk = d2.d_date_sk
   and d2.d_quarter_name in ('2000Q1','2000Q2','2000Q3')
   and sr_customer_sk = cs_bill_customer_sk
   and sr_item_sk = cs_item_sk
   and cs_sold_date_sk = d3.d_date_sk
   and d3.d_quarter_name in ('2000Q1','2000Q2','2000Q3')
 group by i_item_id
         ,i_item_desc
         ,s_state
 order by i_item_id
         ,i_item_desc
         ,s_state
limit 100
PREHOOK: type: QUERY
POSTHOOK: query: explain
select  i_item_id
       ,i_item_desc
       ,s_state
       ,count(ss_quantity) as store_sales_quantitycount
       ,avg(ss_quantity) as store_sales_quantityave
       ,stddev_samp(ss_quantity) as store_sales_quantitystdev
       ,stddev_samp(ss_quantity)/avg(ss_quantity) as store_sales_quantitycov
       ,count(sr_return_quantity) as_store_returns_quantitycount
       ,avg(sr_return_quantity) as_store_returns_quantityave
       ,stddev_samp(sr_return_quantity) as_store_returns_quantitystdev
       ,stddev_samp(sr_return_quantity)/avg(sr_return_quantity) as store_returns_quantitycov
       ,count(cs_quantity) as catalog_sales_quantitycount ,avg(cs_quantity) as catalog_sales_quantityave
       ,stddev_samp(cs_quantity)/avg(cs_quantity) as catalog_sales_quantitystdev
       ,stddev_samp(cs_quantity)/avg(cs_quantity) as catalog_sales_quantitycov
 from store_sales
     ,store_returns
     ,catalog_sales
     ,date_dim d1
     ,date_dim d2
     ,date_dim d3
     ,store
     ,item
 where d1.d_quarter_name = '2000Q1'
   and d1.d_date_sk = ss_sold_date_sk
   and i_item_sk = ss_item_sk
   and s_store_sk = ss_store_sk
   and ss_customer_sk = sr_customer_sk
   and ss_item_sk = sr_item_sk
   and ss_ticket_number = sr_ticket_number
   and sr_returned_date_sk = d2.d_date_sk
   and d2.d_quarter_name in ('2000Q1','2000Q2','2000Q3')
   and sr_customer_sk = cs_bill_customer_sk
   and sr_item_sk = cs_item_sk
   and cs_sold_date_sk = d3.d_date_sk
   and d3.d_quarter_name in ('2000Q1','2000Q2','2000Q3')
 group by i_item_id
         ,i_item_desc
         ,s_state
 order by i_item_id
         ,i_item_desc
         ,s_state
limit 100
POSTHOOK: type: QUERY
Plan optimized by CBO.

Vertex dependency in root stage
Map 1 <- Reducer 14 (BROADCAST_EDGE), Reducer 15 (BROADCAST_EDGE), Reducer 17 (BROADCAST_EDGE), Reducer 21 (BROADCAST_EDGE), Reducer 9 (BROADCAST_EDGE)
Map 18 <- Reducer 12 (BROADCAST_EDGE), Reducer 14 (BROADCAST_EDGE), Reducer 15 (BROADCAST_EDGE), Reducer 17 (BROADCAST_EDGE)
Reducer 10 <- Map 18 (SIMPLE_EDGE), Map 8 (SIMPLE_EDGE)
Reducer 11 <- Reducer 10 (SIMPLE_EDGE), Reducer 13 (SIMPLE_EDGE)
Reducer 12 <- Map 8 (CUSTOM_SIMPLE_EDGE)
Reducer 13 <- Map 19 (SIMPLE_EDGE), Map 8 (SIMPLE_EDGE)
Reducer 14 <- Reducer 13 (CUSTOM_SIMPLE_EDGE)
Reducer 15 <- Reducer 13 (CUSTOM_SIMPLE_EDGE)
Reducer 17 <- Map 16 (CUSTOM_SIMPLE_EDGE)
Reducer 2 <- Map 1 (SIMPLE_EDGE), Map 8 (SIMPLE_EDGE)
Reducer 21 <- Map 20 (CUSTOM_SIMPLE_EDGE)
Reducer 3 <- Map 16 (SIMPLE_EDGE), Reducer 2 (SIMPLE_EDGE)
Reducer 4 <- Reducer 11 (SIMPLE_EDGE), Reducer 3 (SIMPLE_EDGE)
Reducer 5 <- Map 20 (SIMPLE_EDGE), Reducer 4 (SIMPLE_EDGE)
Reducer 6 <- Reducer 5 (SIMPLE_EDGE)
Reducer 7 <- Reducer 6 (SIMPLE_EDGE)
Reducer 9 <- Map 8 (CUSTOM_SIMPLE_EDGE)

Stage-0
  Fetch Operator
    limit:100
    Stage-1
      Reducer 7 vectorized
      File Output Operator [FS_285]
        Limit [LIM_284] (rows=100 width=88)
          Number of rows:100
          Select Operator [SEL_283] (rows=421657640 width=88)
            Output:["_col0","_col1","_col2","_col3","_col4","_col5","_col6","_col7","_col8","_col9","_col10","_col11","_col12","_col13","_col14"]
          <-Reducer 6 [SIMPLE_EDGE] vectorized
            SHUFFLE [RS_282]
              Select Operator [SEL_281] (rows=421657640 width=88)
                Output:["_col0","_col1","_col2","_col3","_col4","_col5","_col6","_col7","_col8","_col9","_col10","_col11","_col12","_col13"]
                Group By Operator [GBY_280] (rows=421657640 width=88)
                  Output:["_col0","_col1","_col2","_col3","_col4","_col5","_col6","_col7","_col8","_col9","_col10","_col11","_col12","_col13","_col14"],aggregations:["count(VALUE._col0)","sum(VALUE._col1)","sum(VALUE._col2)","sum(VALUE._col3)","count(VALUE._col4)","sum(VALUE._col5)","sum(VALUE._col6)","sum(VALUE._col7)","count(VALUE._col8)","sum(VALUE._col9)","sum(VALUE._col10)","sum(VALUE._col11)"],keys:KEY._col0, KEY._col1, KEY._col2
                <-Reducer 5 [SIMPLE_EDGE]
                  SHUFFLE [RS_50]
                    PartitionCols:_col0, _col1, _col2
                    Group By Operator [GBY_49] (rows=843315281 width=88)
                      Output:["_col0","_col1","_col2","_col3","_col4","_col5","_col6","_col7","_col8","_col9","_col10","_col11","_col12","_col13","_col14"],aggregations:["count(_col3)","sum(_col3)","sum(_col7)","sum(_col6)","count(_col4)","sum(_col4)","sum(_col9)","sum(_col8)","count(_col5)","sum(_col5)","sum(_col11)","sum(_col10)"],keys:_col0, _col1, _col2
                      Select Operator [SEL_47] (rows=843315281 width=88)
                        Output:["_col0","_col1","_col2","_col3","_col4","_col5","_col6","_col7","_col8","_col9","_col10","_col11"]
                        Top N Key Operator [TNK_93] (rows=843315281 width=88)
                          keys:_col9, _col10, _col25,sort order:+++,top n:100
                          Merge Join Operator [MERGEJOIN_225] (rows=843315281 width=88)
                            Conds:RS_44._col3=RS_265._col0(Inner),Output:["_col5","_col9","_col10","_col14","_col21","_col25"]
                          <-Map 20 [SIMPLE_EDGE] vectorized
                            SHUFFLE [RS_265]
                              PartitionCols:_col0
                              Select Operator [SEL_264] (rows=1704 width=1910)
                                Output:["_col0","_col1"]
                                Top N Key Operator [TNK_263] (rows=1704 width=1910)
                                  keys:s_state,sort order:+,top n:100
                                  Filter Operator [FIL_262] (rows=1704 width=1910)
                                    predicate:s_store_sk is not null
                                    TableScan [TS_32] (rows=1704 width=1910)
                                      default@store,store,Tbl:COMPLETE,Col:NONE,Output:["s_store_sk","s_state"]
                          <-Reducer 4 [SIMPLE_EDGE]
                            SHUFFLE [RS_44]
                              PartitionCols:_col3
                              Top N Key Operator [TNK_94] (rows=766650239 width=88)
                                keys:_col9, _col10,sort order:++,top n:100
                                Merge Join Operator [MERGEJOIN_224] (rows=766650239 width=88)
                                  Conds:RS_41._col1, _col2, _col4=RS_42._col7, _col8, _col9(Inner),Output:["_col3","_col5","_col9","_col10","_col14","_col21"]
                                <-Reducer 11 [SIMPLE_EDGE]
                                  SHUFFLE [RS_42]
                                    PartitionCols:_col7, _col8, _col9
                                    Top N Key Operator [TNK_99] (rows=348467716 width=135)
                                      keys:_col10,sort order:+,top n:100
                                      Merge Join Operator [MERGEJOIN_223] (rows=348467716 width=135)
                                        Conds:RS_28._col2, _col1=RS_29._col1, _col2(Inner),Output:["_col3","_col7","_col8","_col9","_col10"]
                                      <-Reducer 13 [SIMPLE_EDGE]
                                        PARTITION_ONLY_SHUFFLE [RS_29]
                                          PartitionCols:_col1, _col2
                                          Merge Join Operator [MERGEJOIN_221] (rows=63350266 width=77)
                                            Conds:RS_255._col0=RS_236._col0(Inner),Output:["_col1","_col2","_col3","_col4"]
                                          <-Map 8 [SIMPLE_EDGE] vectorized
                                            PARTITION_ONLY_SHUFFLE [RS_236]
                                              PartitionCols:_col0
                                              Select Operator [SEL_231] (rows=36525 width=1119)
                                                Output:["_col0"]
                                                Filter Operator [FIL_228] (rows=36525 width=1119)
                                                  predicate:((d_quarter_name) IN ('2000Q1', '2000Q2', '2000Q3') and d_date_sk is not null)
                                                  TableScan [TS_3] (rows=73049 width=1119)
                                                    default@date_dim,d1,Tbl:COMPLETE,Col:NONE,Output:["d_date_sk","d_quarter_name"]
                                          <-Map 19 [SIMPLE_EDGE] vectorized
                                            SHUFFLE [RS_255]
                                              PartitionCols:_col0
                                              Select Operator [SEL_254] (rows=57591150 width=77)
                                                Output:["_col0","_col1","_col2","_col3","_col4"]
                                                Filter Operator [FIL_253] (rows=57591150 width=77)
                                                  predicate:(sr_customer_sk is not null and sr_item_sk is not null and sr_returned_date_sk is not null and sr_ticket_number is not null)
                                                  TableScan [TS_15] (rows=57591150 width=77)
                                                    default@store_returns,store_returns,Tbl:COMPLETE,Col:NONE,Output:["sr_returned_date_sk","sr_item_sk","sr_customer_sk","sr_ticket_number","sr_return_quantity"]
                                      <-Reducer 10 [SIMPLE_EDGE]
                                        SHUFFLE [RS_28]
                                          PartitionCols:_col2, _col1
                                          Merge Join Operator [MERGEJOIN_220] (rows=316788826 width=135)
                                            Conds:RS_279._col0=RS_234._col0(Inner),Output:["_col1","_col2","_col3"]
                                          <-Map 8 [SIMPLE_EDGE] vectorized
                                            PARTITION_ONLY_SHUFFLE [RS_234]
                                              PartitionCols:_col0
                                              Select Operator [SEL_230] (rows=36525 width=1119)
                                                Output:["_col0"]
                                                Filter Operator [FIL_227] (rows=36525 width=1119)
                                                  predicate:((d_quarter_name) IN ('2000Q1', '2000Q2', '2000Q3') and d_date_sk is not null)
                                                   Please refer to the previous TableScan [TS_3]
                                          <-Map 18 [SIMPLE_EDGE] vectorized
                                            SHUFFLE [RS_279]
                                              PartitionCols:_col0
                                              Select Operator [SEL_278] (rows=287989836 width=135)
                                                Output:["_col0","_col1","_col2","_col3"]
                                                Filter Operator [FIL_277] (rows=287989836 width=135)
                                                  predicate:((cs_bill_customer_sk BETWEEN DynamicValue(RS_29_store_returns_sr_customer_sk_min) AND DynamicValue(RS_29_store_returns_sr_customer_sk_max) and in_bloom_filter(cs_bill_customer_sk, DynamicValue(RS_29_store_returns_sr_customer_sk_bloom_filter))) and (cs_item_sk BETWEEN DynamicValue(RS_29_store_returns_sr_item_sk_min) AND DynamicValue(RS_29_store_returns_sr_item_sk_max) and in_bloom_filter(cs_item_sk, DynamicValue(RS_29_store_returns_sr_item_sk_bloom_filter))) and (cs_item_sk BETWEEN DynamicValue(RS_39_item_i_item_sk_min) AND DynamicValue(RS_39_item_i_item_sk_max) and in_bloom_filter(cs_item_sk, DynamicValue(RS_39_item_i_item_sk_bloom_filter))) and (cs_sold_date_sk BETWEEN DynamicValue(RS_26_d3_d_date_sk_min) AND DynamicValue(RS_26_d3_d_date_sk_max) and in_bloom_filter(cs_sold_date_sk, DynamicValue(RS_26_d3_d_date_sk_bloom_filter))) and cs_bill_customer_sk is not null and cs_item_sk is not null and cs_sold_date_sk is not null)
                                                  TableScan [TS_9] (rows=287989836 width=135)
                                                    default@catalog_sales,catalog_sales,Tbl:COMPLETE,Col:NONE,Output:["cs_sold_date_sk","cs_bill_customer_sk","cs_item_sk","cs_quantity"]
                                                  <-Reducer 14 [BROADCAST_EDGE] vectorized
                                                    BROADCAST [RS_258]
                                                      Group By Operator [GBY_256] (rows=1 width=12)
                                                        Output:["_col0","_col1","_col2"],aggregations:["min(VALUE._col0)","max(VALUE._col1)","bloom_filter(VALUE._col2, expectedEntries=63350264)"]
                                                      <-Reducer 13 [CUSTOM_SIMPLE_EDGE]
                                                        PARTITION_ONLY_SHUFFLE [RS_123]
                                                          Group By Operator [GBY_122] (rows=1 width=12)
                                                            Output:["_col0","_col1","_col2"],aggregations:["min(_col0)","max(_col0)","bloom_filter(_col0, expectedEntries=63350264)"]
                                                            Select Operator [SEL_121] (rows=63350266 width=77)
                                                              Output:["_col0"]
                                                               Please refer to the previous Merge Join Operator [MERGEJOIN_221]
                                                  <-Reducer 15 [BROADCAST_EDGE] vectorized
                                                    BROADCAST [RS_261]
                                                      Group By Operator [GBY_259] (rows=1 width=12)
                                                        Output:["_col0","_col1","_col2"],aggregations:["min(VALUE._col0)","max(VALUE._col1)","bloom_filter(VALUE._col2, expectedEntries=63350264)"]
                                                      <-Reducer 13 [CUSTOM_SIMPLE_EDGE]
                                                        PARTITION_ONLY_SHUFFLE [RS_138]
                                                          Group By Operator [GBY_137] (rows=1 width=12)
                                                            Output:["_col0","_col1","_col2"],aggregations:["min(_col0)","max(_col0)","bloom_filter(_col0, expectedEntries=63350264)"]
                                                            Select Operator [SEL_136] (rows=63350266 width=77)
                                                              Output:["_col0"]
                                                               Please refer to the previous Merge Join Operator [MERGEJOIN_221]
                                                  <-Reducer 17 [BROADCAST_EDGE] vectorized
                                                    BROADCAST [RS_252]
                                                      Group By Operator [GBY_250] (rows=1 width=12)
                                                        Output:["_col0","_col1","_col2"],aggregations:["min(VALUE._col0)","max(VALUE._col1)","bloom_filter(VALUE._col2, expectedEntries=1000000)"]
                                                      <-Map 16 [CUSTOM_SIMPLE_EDGE] vectorized
                                                        SHUFFLE [RS_249]
                                                          Group By Operator [GBY_248] (rows=1 width=12)
                                                            Output:["_col0","_col1","_col2"],aggregations:["min(_col0)","max(_col0)","bloom_filter(_col0, expectedEntries=1000000)"]
                                                            Select Operator [SEL_247] (rows=462000 width=1436)
                                                              Output:["_col0"]
                                                              Select Operator [SEL_245] (rows=462000 width=1436)
                                                                Output:["_col0","_col1","_col2"]
                                                                Top N Key Operator [TNK_244] (rows=462000 width=1436)
                                                                  keys:i_item_id, i_item_desc,sort order:++,top n:100
                                                                  Filter Operator [FIL_243] (rows=462000 width=1436)
                                                                    predicate:i_item_sk is not null
                                                                    TableScan [TS_6] (rows=462000 width=1436)
                                                                      default@item,item,Tbl:COMPLETE,Col:NONE,Output:["i_item_sk","i_item_id","i_item_desc"]
                                                  <-Reducer 12 [BROADCAST_EDGE] vectorized
                                                    BROADCAST [RS_276]
                                                      Group By Operator [GBY_275] (rows=1 width=12)
                                                        Output:["_col0","_col1","_col2"],aggregations:["min(VALUE._col0)","max(VALUE._col1)","bloom_filter(VALUE._col2, expectedEntries=1000000)"]
                                                      <-Map 8 [CUSTOM_SIMPLE_EDGE] vectorized
                                                        PARTITION_ONLY_SHUFFLE [RS_240]
                                                          Group By Operator [GBY_238] (rows=1 width=12)
                                                            Output:["_col0","_col1","_col2"],aggregations:["min(_col0)","max(_col0)","bloom_filter(_col0, expectedEntries=1000000)"]
                                                            Select Operator [SEL_235] (rows=36525 width=1119)
                                                              Output:["_col0"]
                                                               Please refer to the previous Select Operator [SEL_230]
                                <-Reducer 3 [SIMPLE_EDGE]
                                  SHUFFLE [RS_41]
                                    PartitionCols:_col1, _col2, _col4
                                    Top N Key Operator [TNK_95] (rows=696954748 width=88)
                                      keys:_col9, _col10,sort order:++,top n:100
                                      Merge Join Operator [MERGEJOIN_222] (rows=696954748 width=88)
                                        Conds:RS_38._col1=RS_246._col0(Inner),Output:["_col1","_col2","_col3","_col4","_col5","_col9","_col10"]
                                      <-Map 16 [SIMPLE_EDGE] vectorized
                                        SHUFFLE [RS_246]
                                          PartitionCols:_col0
                                           Please refer to the previous Select Operator [SEL_245]
                                      <-Reducer 2 [SIMPLE_EDGE]
                                        SHUFFLE [RS_38]
                                          PartitionCols:_col1
                                          Top N Key Operator [TNK_96] (rows=633595212 width=88)
                                            keys:_col2,sort order:+,top n:100
                                            Merge Join Operator [MERGEJOIN_219] (rows=633595212 width=88)
                                              Conds:RS_274._col0=RS_232._col0(Inner),Output:["_col1","_col2","_col3","_col4","_col5"]
                                            <-Map 8 [SIMPLE_EDGE] vectorized
                                              PARTITION_ONLY_SHUFFLE [RS_232]
                                                PartitionCols:_col0
                                                Select Operator [SEL_229] (rows=36524 width=1119)
                                                  Output:["_col0"]
                                                  Filter Operator [FIL_226] (rows=36524 width=1119)
                                                    predicate:((d_quarter_name = '2000Q1') and d_date_sk is not null)
                                                     Please refer to the previous TableScan [TS_3]
                                            <-Map 1 [SIMPLE_EDGE] vectorized
                                              SHUFFLE [RS_274]
                                                PartitionCols:_col0
                                                Select Operator [SEL_273] (rows=575995635 width=88)
                                                  Output:["_col0","_col1","_col2","_col3","_col4","_col5"]
                                                  Top N Key Operator [TNK_272] (rows=575995635 width=88)
                                                    keys:ss_customer_sk,sort order:+,top n:100
                                                    Filter Operator [FIL_271] (rows=575995635 width=88)
                                                      predicate:((ss_customer_sk BETWEEN DynamicValue(RS_29_store_returns_sr_customer_sk_min) AND DynamicValue(RS_29_store_returns_sr_customer_sk_max) and in_bloom_filter(ss_customer_sk, DynamicValue(RS_29_store_returns_sr_customer_sk_bloom_filter))) and (ss_item_sk BETWEEN DynamicValue(RS_29_store_returns_sr_item_sk_min) AND DynamicValue(RS_29_store_returns_sr_item_sk_max) and in_bloom_filter(ss_item_sk, DynamicValue(RS_29_store_returns_sr_item_sk_bloom_filter))) and (ss_item_sk BETWEEN DynamicValue(RS_39_item_i_item_sk_min) AND DynamicValue(RS_39_item_i_item_sk_max) and in_bloom_filter(ss_item_sk, DynamicValue(RS_39_item_i_item_sk_bloom_filter))) and (ss_sold_date_sk BETWEEN DynamicValue(RS_36_d1_d_date_sk_min) AND DynamicValue(RS_36_d1_d_date_sk_max) and in_bloom_filter(ss_sold_date_sk, DynamicValue(RS_36_d1_d_date_sk_bloom_filter))) and (ss_store_sk BETWEEN DynamicValue(RS_45_store_s_store_sk_min) AND DynamicValue(RS_45_store_s_store_sk_max) and in_bloom_filter(ss_store_sk, DynamicValue(RS_45_store_s_store_sk_bloom_filter))) and ss_customer_sk is not null and ss_item_sk is not null and ss_sold_date_sk is not null and ss_store_sk is not null and ss_ticket_number is not null)
                                                      TableScan [TS_0] (rows=575995635 width=88)
                                                        default@store_sales,store_sales,Tbl:COMPLETE,Col:NONE,Output:["ss_sold_date_sk","ss_item_sk","ss_customer_sk","ss_store_sk","ss_ticket_number","ss_quantity"]
                                                      <-Reducer 14 [BROADCAST_EDGE] vectorized
                                                        BROADCAST [RS_257]
                                                           Please refer to the previous Group By Operator [GBY_256]
                                                      <-Reducer 15 [BROADCAST_EDGE] vectorized
                                                        BROADCAST [RS_260]
                                                           Please refer to the previous Group By Operator [GBY_259]
                                                      <-Reducer 17 [BROADCAST_EDGE] vectorized
                                                        BROADCAST [RS_251]
                                                           Please refer to the previous Group By Operator [GBY_250]
                                                      <-Reducer 21 [BROADCAST_EDGE] vectorized
                                                        BROADCAST [RS_270]
                                                          Group By Operator [GBY_269] (rows=1 width=12)
                                                            Output:["_col0","_col1","_col2"],aggregations:["min(VALUE._col0)","max(VALUE._col1)","bloom_filter(VALUE._col2, expectedEntries=1000000)"]
                                                          <-Map 20 [CUSTOM_SIMPLE_EDGE] vectorized
                                                            SHUFFLE [RS_268]
                                                              Group By Operator [GBY_267] (rows=1 width=12)
                                                                Output:["_col0","_col1","_col2"],aggregations:["min(_col0)","max(_col0)","bloom_filter(_col0, expectedEntries=1000000)"]
                                                                Select Operator [SEL_266] (rows=1704 width=1910)
                                                                  Output:["_col0"]
                                                                   Please refer to the previous Select Operator [SEL_264]
                                                      <-Reducer 9 [BROADCAST_EDGE] vectorized
                                                        BROADCAST [RS_242]
                                                          Group By Operator [GBY_241] (rows=1 width=12)
                                                            Output:["_col0","_col1","_col2"],aggregations:["min(VALUE._col0)","max(VALUE._col1)","bloom_filter(VALUE._col2, expectedEntries=1000000)"]
                                                          <-Map 8 [CUSTOM_SIMPLE_EDGE] vectorized
                                                            PARTITION_ONLY_SHUFFLE [RS_239]
                                                              Group By Operator [GBY_237] (rows=1 width=12)
                                                                Output:["_col0","_col1","_col2"],aggregations:["min(_col0)","max(_col0)","bloom_filter(_col0, expectedEntries=1000000)"]
                                                                Select Operator [SEL_233] (rows=36524 width=1119)
                                                                  Output:["_col0"]
                                                                   Please refer to the previous Select Operator [SEL_229]

