PREHOOK: query: explain
select   
     i_item_id
    ,i_item_desc
    ,s_store_id
    ,s_store_name
    ,sum(ss_quantity)        as store_sales_quantity
    ,sum(sr_return_quantity) as store_returns_quantity
    ,sum(cs_quantity)        as catalog_sales_quantity
 from
    store_sales
   ,store_returns
   ,catalog_sales
   ,date_dim             d1
   ,date_dim             d2
   ,date_dim             d3
   ,store
   ,item
 where
     d1.d_moy               = 4 
 and d1.d_year              = 1999
 and d1.d_date_sk           = ss_sold_date_sk
 and i_item_sk              = ss_item_sk
 and s_store_sk             = ss_store_sk
 and ss_customer_sk         = sr_customer_sk
 and ss_item_sk             = sr_item_sk
 and ss_ticket_number       = sr_ticket_number
 and sr_returned_date_sk    = d2.d_date_sk
 and d2.d_moy               between 4 and  4 + 3 
 and d2.d_year              = 1999
 and sr_customer_sk         = cs_bill_customer_sk
 and sr_item_sk             = cs_item_sk
 and cs_sold_date_sk        = d3.d_date_sk     
 and d3.d_year              in (1999,1999+1,1999+2)
 group by
    i_item_id
   ,i_item_desc
   ,s_store_id
   ,s_store_name
 order by
    i_item_id 
   ,i_item_desc
   ,s_store_id
   ,s_store_name
 limit 100
PREHOOK: type: QUERY
POSTHOOK: query: explain
select   
     i_item_id
    ,i_item_desc
    ,s_store_id
    ,s_store_name
    ,sum(ss_quantity)        as store_sales_quantity
    ,sum(sr_return_quantity) as store_returns_quantity
    ,sum(cs_quantity)        as catalog_sales_quantity
 from
    store_sales
   ,store_returns
   ,catalog_sales
   ,date_dim             d1
   ,date_dim             d2
   ,date_dim             d3
   ,store
   ,item
 where
     d1.d_moy               = 4 
 and d1.d_year              = 1999
 and d1.d_date_sk           = ss_sold_date_sk
 and i_item_sk              = ss_item_sk
 and s_store_sk             = ss_store_sk
 and ss_customer_sk         = sr_customer_sk
 and ss_item_sk             = sr_item_sk
 and ss_ticket_number       = sr_ticket_number
 and sr_returned_date_sk    = d2.d_date_sk
 and d2.d_moy               between 4 and  4 + 3 
 and d2.d_year              = 1999
 and sr_customer_sk         = cs_bill_customer_sk
 and sr_item_sk             = cs_item_sk
 and cs_sold_date_sk        = d3.d_date_sk     
 and d3.d_year              in (1999,1999+1,1999+2)
 group by
    i_item_id
   ,i_item_desc
   ,s_store_id
   ,s_store_name
 order by
    i_item_id 
   ,i_item_desc
   ,s_store_id
   ,s_store_name
 limit 100
POSTHOOK: type: QUERY
Plan optimized by CBO.

Vertex dependency in root stage
Map 7 <- Reducer 13 (BROADCAST_EDGE), Reducer 15 (BROADCAST_EDGE), Reducer 16 (BROADCAST_EDGE), Reducer 17 (BROADCAST_EDGE), Reducer 20 (BROADCAST_EDGE), Reducer 22 (BROADCAST_EDGE)
Reducer 10 <- Map 19 (SIMPLE_EDGE), Reducer 9 (SIMPLE_EDGE)
Reducer 11 <- Map 21 (SIMPLE_EDGE), Reducer 10 (SIMPLE_EDGE)
Reducer 13 <- Map 12 (CUSTOM_SIMPLE_EDGE)
Reducer 14 <- Map 12 (SIMPLE_EDGE), Map 18 (SIMPLE_EDGE)
Reducer 15 <- Reducer 14 (CUSTOM_SIMPLE_EDGE)
Reducer 16 <- Reducer 14 (CUSTOM_SIMPLE_EDGE)
Reducer 17 <- Reducer 14 (CUSTOM_SIMPLE_EDGE)
Reducer 2 <- Map 1 (SIMPLE_EDGE), Map 6 (SIMPLE_EDGE)
Reducer 20 <- Map 19 (CUSTOM_SIMPLE_EDGE)
Reducer 22 <- Map 21 (CUSTOM_SIMPLE_EDGE)
Reducer 3 <- Reducer 11 (SIMPLE_EDGE), Reducer 2 (SIMPLE_EDGE)
Reducer 4 <- Reducer 3 (SIMPLE_EDGE)
Reducer 5 <- Reducer 4 (SIMPLE_EDGE)
Reducer 8 <- Map 12 (SIMPLE_EDGE), Map 7 (SIMPLE_EDGE)
Reducer 9 <- Reducer 14 (SIMPLE_EDGE), Reducer 8 (SIMPLE_EDGE)

Stage-0
  Fetch Operator
    limit:100
    Stage-1
      Reducer 5 vectorized
      File Output Operator [FS_245]
        Limit [LIM_244] (rows=100 width=88)
          Number of rows:100
          Select Operator [SEL_243] (rows=463823414 width=88)
            Output:["_col0","_col1","_col2","_col3","_col4","_col5","_col6"]
          <-Reducer 4 [SIMPLE_EDGE] vectorized
            SHUFFLE [RS_242]
              Group By Operator [GBY_241] (rows=463823414 width=88)
                Output:["_col0","_col1","_col2","_col3","_col4","_col5","_col6"],aggregations:["sum(VALUE._col0)","sum(VALUE._col1)","sum(VALUE._col2)"],keys:KEY._col0, KEY._col1, KEY._col2, KEY._col3
              <-Reducer 3 [SIMPLE_EDGE]
                SHUFFLE [RS_49]
                  PartitionCols:_col0, _col1, _col2, _col3
                  Group By Operator [GBY_48] (rows=927646829 width=88)
                    Output:["_col0","_col1","_col2","_col3","_col4","_col5","_col6"],aggregations:["sum(_col14)","sum(_col22)","sum(_col3)"],keys:_col7, _col8, _col27, _col28
                    Top N Key Operator [TNK_93] (rows=927646829 width=88)
                      keys:_col7, _col8, _col27, _col28,sort order:++++,top n:100
                      Merge Join Operator [MERGEJOIN_193] (rows=927646829 width=88)
                        Conds:RS_44._col1, _col2=RS_45._col14, _col13(Inner),Output:["_col3","_col7","_col8","_col14","_col22","_col27","_col28"]
                      <-Reducer 11 [SIMPLE_EDGE]
                        SHUFFLE [RS_45]
                          PartitionCols:_col14, _col13
                          Select Operator [SEL_40] (rows=843315281 width=88)
                            Output:["_col1","_col2","_col8","_col13","_col14","_col16","_col21","_col22"]
                            Top N Key Operator [TNK_96] (rows=843315281 width=88)
                              keys:_col18, _col19, _col21, _col22,sort order:++++,top n:100
                              Merge Join Operator [MERGEJOIN_192] (rows=843315281 width=88)
                                Conds:RS_37._col3=RS_232._col0(Inner),Output:["_col5","_col10","_col11","_col13","_col18","_col19","_col21","_col22"]
                              <-Map 21 [SIMPLE_EDGE] vectorized
                                PARTITION_ONLY_SHUFFLE [RS_232]
                                  PartitionCols:_col0
                                  Select Operator [SEL_231] (rows=1704 width=1910)
                                    Output:["_col0","_col1","_col2"]
                                    Filter Operator [FIL_230] (rows=1704 width=1910)
                                      predicate:s_store_sk is not null
                                      Top N Key Operator [TNK_229] (rows=1704 width=1910)
                                        keys:s_store_id, s_store_name,sort order:++,top n:100
                                        TableScan [TS_25] (rows=1704 width=1910)
                                          default@store,store,Tbl:COMPLETE,Col:NONE,Output:["s_store_sk","s_store_id","s_store_name"]
                              <-Reducer 10 [SIMPLE_EDGE]
                                SHUFFLE [RS_37]
                                  PartitionCols:_col3
                                  Top N Key Operator [TNK_97] (rows=766650239 width=88)
                                    keys:_col18, _col19,sort order:++,top n:100
                                    Merge Join Operator [MERGEJOIN_191] (rows=766650239 width=88)
                                      Conds:RS_34._col1=RS_223._col0(Inner),Output:["_col3","_col5","_col10","_col11","_col13","_col18","_col19"]
                                    <-Map 19 [SIMPLE_EDGE] vectorized
                                      PARTITION_ONLY_SHUFFLE [RS_223]
                                        PartitionCols:_col0
                                        Select Operator [SEL_222] (rows=462000 width=1436)
                                          Output:["_col0","_col1","_col2"]
                                          Filter Operator [FIL_221] (rows=462000 width=1436)
                                            predicate:i_item_sk is not null
                                            TableScan [TS_22] (rows=462000 width=1436)
                                              default@item,item,Tbl:COMPLETE,Col:NONE,Output:["i_item_sk","i_item_id","i_item_desc"]
                                    <-Reducer 9 [SIMPLE_EDGE]
                                      SHUFFLE [RS_34]
                                        PartitionCols:_col1
                                        Merge Join Operator [MERGEJOIN_190] (rows=696954748 width=88)
                                          Conds:RS_31._col1, _col2, _col4=RS_32._col1, _col2, _col3(Inner),Output:["_col1","_col3","_col5","_col10","_col11","_col13"]
                                        <-Reducer 14 [SIMPLE_EDGE]
                                          SHUFFLE [RS_32]
                                            PartitionCols:_col1, _col2, _col3
                                            Merge Join Operator [MERGEJOIN_189] (rows=63350266 width=77)
                                              Conds:RS_214._col0=RS_207._col0(Inner),Output:["_col1","_col2","_col3","_col4"]
                                            <-Map 12 [SIMPLE_EDGE] vectorized
                                              SHUFFLE [RS_207]
                                                PartitionCols:_col0
                                                Select Operator [SEL_204] (rows=4058 width=1119)
                                                  Output:["_col0"]
                                                  Filter Operator [FIL_202] (rows=4058 width=1119)
                                                    predicate:((d_year = 1999) and d_date_sk is not null and d_moy BETWEEN 4 AND 7)
                                                    TableScan [TS_9] (rows=73049 width=1119)
                                                      default@date_dim,d1,Tbl:COMPLETE,Col:NONE,Output:["d_date_sk","d_year","d_moy"]
                                            <-Map 18 [SIMPLE_EDGE] vectorized
                                              SHUFFLE [RS_214]
                                                PartitionCols:_col0
                                                Select Operator [SEL_213] (rows=57591150 width=77)
                                                  Output:["_col0","_col1","_col2","_col3","_col4"]
                                                  Filter Operator [FIL_212] (rows=57591150 width=77)
                                                    predicate:(sr_customer_sk is not null and sr_item_sk is not null and sr_returned_date_sk is not null and sr_ticket_number is not null)
                                                    TableScan [TS_12] (rows=57591150 width=77)
                                                      default@store_returns,store_returns,Tbl:COMPLETE,Col:NONE,Output:["sr_returned_date_sk","sr_item_sk","sr_customer_sk","sr_ticket_number","sr_return_quantity"]
                                        <-Reducer 8 [SIMPLE_EDGE]
                                          SHUFFLE [RS_31]
                                            PartitionCols:_col1, _col2, _col4
                                            Merge Join Operator [MERGEJOIN_188] (rows=633595212 width=88)
                                              Conds:RS_240._col0=RS_205._col0(Inner),Output:["_col1","_col2","_col3","_col4","_col5"]
                                            <-Map 12 [SIMPLE_EDGE] vectorized
                                              SHUFFLE [RS_205]
                                                PartitionCols:_col0
                                                Select Operator [SEL_203] (rows=18262 width=1119)
                                                  Output:["_col0"]
                                                  Filter Operator [FIL_201] (rows=18262 width=1119)
                                                    predicate:((d_moy = 4) and (d_year = 1999) and d_date_sk is not null)
                                                     Please refer to the previous TableScan [TS_9]
                                            <-Map 7 [SIMPLE_EDGE] vectorized
                                              SHUFFLE [RS_240]
                                                PartitionCols:_col0
                                                Select Operator [SEL_239] (rows=575995635 width=88)
                                                  Output:["_col0","_col1","_col2","_col3","_col4","_col5"]
                                                  Filter Operator [FIL_238] (rows=575995635 width=88)
                                                    predicate:((ss_customer_sk BETWEEN DynamicValue(RS_32_store_returns_sr_customer_sk_min) AND DynamicValue(RS_32_store_returns_sr_customer_sk_max) and in_bloom_filter(ss_customer_sk, DynamicValue(RS_32_store_returns_sr_customer_sk_bloom_filter))) and (ss_item_sk BETWEEN DynamicValue(RS_32_store_returns_sr_item_sk_min) AND DynamicValue(RS_32_store_returns_sr_item_sk_max) and in_bloom_filter(ss_item_sk, DynamicValue(RS_32_store_returns_sr_item_sk_bloom_filter))) and (ss_item_sk BETWEEN DynamicValue(RS_35_item_i_item_sk_min) AND DynamicValue(RS_35_item_i_item_sk_max) and in_bloom_filter(ss_item_sk, DynamicValue(RS_35_item_i_item_sk_bloom_filter))) and (ss_sold_date_sk BETWEEN DynamicValue(RS_29_d1_d_date_sk_min) AND DynamicValue(RS_29_d1_d_date_sk_max) and in_bloom_filter(ss_sold_date_sk, DynamicValue(RS_29_d1_d_date_sk_bloom_filter))) and (ss_store_sk BETWEEN DynamicValue(RS_38_store_s_store_sk_min) AND DynamicValue(RS_38_store_s_store_sk_max) and in_bloom_filter(ss_store_sk, DynamicValue(RS_38_store_s_store_sk_bloom_filter))) and (ss_ticket_number BETWEEN DynamicValue(RS_32_store_returns_sr_ticket_number_min) AND DynamicValue(RS_32_store_returns_sr_ticket_number_max) and in_bloom_filter(ss_ticket_number, DynamicValue(RS_32_store_returns_sr_ticket_number_bloom_filter))) and ss_customer_sk is not null and ss_item_sk is not null and ss_sold_date_sk is not null and ss_store_sk is not null and ss_ticket_number is not null)
                                                    TableScan [TS_6] (rows=575995635 width=88)
                                                      default@store_sales,store_sales,Tbl:COMPLETE,Col:NONE,Output:["ss_sold_date_sk","ss_item_sk","ss_customer_sk","ss_store_sk","ss_ticket_number","ss_quantity"]
                                                    <-Reducer 13 [BROADCAST_EDGE] vectorized
                                                      BROADCAST [RS_211]
                                                        Group By Operator [GBY_210] (rows=1 width=12)
                                                          Output:["_col0","_col1","_col2"],aggregations:["min(VALUE._col0)","max(VALUE._col1)","bloom_filter(VALUE._col2, expectedEntries=1000000)"]
                                                        <-Map 12 [CUSTOM_SIMPLE_EDGE] vectorized
                                                          SHUFFLE [RS_209]
                                                            Group By Operator [GBY_208] (rows=1 width=12)
                                                              Output:["_col0","_col1","_col2"],aggregations:["min(_col0)","max(_col0)","bloom_filter(_col0, expectedEntries=1000000)"]
                                                              Select Operator [SEL_206] (rows=18262 width=1119)
                                                                Output:["_col0"]
                                                                 Please refer to the previous Select Operator [SEL_203]
                                                    <-Reducer 15 [BROADCAST_EDGE] vectorized
                                                      BROADCAST [RS_216]
                                                        Group By Operator [GBY_215] (rows=1 width=12)
                                                          Output:["_col0","_col1","_col2"],aggregations:["min(VALUE._col0)","max(VALUE._col1)","bloom_filter(VALUE._col2, expectedEntries=63350264)"]
                                                        <-Reducer 14 [CUSTOM_SIMPLE_EDGE]
                                                          SHUFFLE [RS_114]
                                                            Group By Operator [GBY_113] (rows=1 width=12)
                                                              Output:["_col0","_col1","_col2"],aggregations:["min(_col0)","max(_col0)","bloom_filter(_col0, expectedEntries=63350264)"]
                                                              Select Operator [SEL_112] (rows=63350266 width=77)
                                                                Output:["_col0"]
                                                                 Please refer to the previous Merge Join Operator [MERGEJOIN_189]
                                                    <-Reducer 16 [BROADCAST_EDGE] vectorized
                                                      BROADCAST [RS_218]
                                                        Group By Operator [GBY_217] (rows=1 width=12)
                                                          Output:["_col0","_col1","_col2"],aggregations:["min(VALUE._col0)","max(VALUE._col1)","bloom_filter(VALUE._col2, expectedEntries=63350264)"]
                                                        <-Reducer 14 [CUSTOM_SIMPLE_EDGE]
                                                          SHUFFLE [RS_119]
                                                            Group By Operator [GBY_118] (rows=1 width=12)
                                                              Output:["_col0","_col1","_col2"],aggregations:["min(_col0)","max(_col0)","bloom_filter(_col0, expectedEntries=63350264)"]
                                                              Select Operator [SEL_117] (rows=63350266 width=77)
                                                                Output:["_col0"]
                                                                 Please refer to the previous Merge Join Operator [MERGEJOIN_189]
                                                    <-Reducer 17 [BROADCAST_EDGE] vectorized
                                                      BROADCAST [RS_220]
                                                        Group By Operator [GBY_219] (rows=1 width=12)
                                                          Output:["_col0","_col1","_col2"],aggregations:["min(VALUE._col0)","max(VALUE._col1)","bloom_filter(VALUE._col2, expectedEntries=63350264)"]
                                                        <-Reducer 14 [CUSTOM_SIMPLE_EDGE]
                                                          SHUFFLE [RS_124]
                                                            Group By Operator [GBY_123] (rows=1 width=12)
                                                              Output:["_col0","_col1","_col2"],aggregations:["min(_col0)","max(_col0)","bloom_filter(_col0, expectedEntries=63350264)"]
                                                              Select Operator [SEL_122] (rows=63350266 width=77)
                                                                Output:["_col0"]
                                                                 Please refer to the previous Merge Join Operator [MERGEJOIN_189]
                                                    <-Reducer 20 [BROADCAST_EDGE] vectorized
                                                      BROADCAST [RS_228]
                                                        Group By Operator [GBY_227] (rows=1 width=12)
                                                          Output:["_col0","_col1","_col2"],aggregations:["min(VALUE._col0)","max(VALUE._col1)","bloom_filter(VALUE._col2, expectedEntries=1000000)"]
                                                        <-Map 19 [CUSTOM_SIMPLE_EDGE] vectorized
                                                          PARTITION_ONLY_SHUFFLE [RS_226]
                                                            Group By Operator [GBY_225] (rows=1 width=12)
                                                              Output:["_col0","_col1","_col2"],aggregations:["min(_col0)","max(_col0)","bloom_filter(_col0, expectedEntries=1000000)"]
                                                              Select Operator [SEL_224] (rows=462000 width=1436)
                                                                Output:["_col0"]
                                                                 Please refer to the previous Select Operator [SEL_222]
                                                    <-Reducer 22 [BROADCAST_EDGE] vectorized
                                                      BROADCAST [RS_237]
                                                        Group By Operator [GBY_236] (rows=1 width=12)
                                                          Output:["_col0","_col1","_col2"],aggregations:["min(VALUE._col0)","max(VALUE._col1)","bloom_filter(VALUE._col2, expectedEntries=1000000)"]
                                                        <-Map 21 [CUSTOM_SIMPLE_EDGE] vectorized
                                                          PARTITION_ONLY_SHUFFLE [RS_235]
                                                            Group By Operator [GBY_234] (rows=1 width=12)
                                                              Output:["_col0","_col1","_col2"],aggregations:["min(_col0)","max(_col0)","bloom_filter(_col0, expectedEntries=1000000)"]
                                                              Select Operator [SEL_233] (rows=1704 width=1910)
                                                                Output:["_col0"]
                                                                 Please refer to the previous Select Operator [SEL_231]
                      <-Reducer 2 [SIMPLE_EDGE]
                        SHUFFLE [RS_44]
                          PartitionCols:_col1, _col2
                          Top N Key Operator [TNK_94] (rows=316788826 width=135)
                            keys:_col3,sort order:+,top n:100
                            Merge Join Operator [MERGEJOIN_187] (rows=316788826 width=135)
                              Conds:RS_197._col0=RS_200._col0(Inner),Output:["_col1","_col2","_col3"]
                            <-Map 1 [SIMPLE_EDGE] vectorized
                              SHUFFLE [RS_197]
                                PartitionCols:_col0
                                Select Operator [SEL_196] (rows=287989836 width=135)
                                  Output:["_col0","_col1","_col2","_col3"]
                                  Filter Operator [FIL_195] (rows=287989836 width=135)
                                    predicate:(cs_bill_customer_sk is not null and cs_item_sk is not null and cs_sold_date_sk is not null)
                                    Top N Key Operator [TNK_194] (rows=287989836 width=135)
                                      keys:cs_quantity,sort order:+,top n:100
                                      TableScan [TS_0] (rows=287989836 width=135)
                                        default@catalog_sales,catalog_sales,Tbl:COMPLETE,Col:NONE,Output:["cs_sold_date_sk","cs_bill_customer_sk","cs_item_sk","cs_quantity"]
                            <-Map 6 [SIMPLE_EDGE] vectorized
                              SHUFFLE [RS_200]
                                PartitionCols:_col0
                                Select Operator [SEL_199] (rows=36525 width=1119)
                                  Output:["_col0"]
                                  Filter Operator [FIL_198] (rows=36525 width=1119)
                                    predicate:((d_year) IN (1999, 2000, 2001) and d_date_sk is not null)
                                    TableScan [TS_3] (rows=73049 width=1119)
                                      default@date_dim,d3,Tbl:COMPLETE,Col:NONE,Output:["d_date_sk","d_year"]

