Warning: Shuffle Join MERGEJOIN[118][tables = [$hdt$_0, $hdt$_1, $hdt$_2, $hdt$_3]] in Stage 'Reducer 4' is a cross product
PREHOOK: query: explain
select  ca_zip, ca_county, sum(ws_sales_price)
 from web_sales, customer, customer_address, date_dim, item
 where ws_bill_customer_sk = c_customer_sk
 	and c_current_addr_sk = ca_address_sk 
 	and ws_item_sk = i_item_sk 
 	and ( substr(ca_zip,1,5) in ('85669', '86197','88274','83405','86475', '85392', '85460', '80348', '81792')
 	      or 
 	      i_item_id in (select i_item_id
                             from item
                             where i_item_sk in (2, 3, 5, 7, 11, 13, 17, 19, 23, 29)
                             )
 	    )
 	and ws_sold_date_sk = d_date_sk
 	and d_qoy = 2 and d_year = 2000
 group by ca_zip, ca_county
 order by ca_zip, ca_county
 limit 100
PREHOOK: type: QUERY
POSTHOOK: query: explain
select  ca_zip, ca_county, sum(ws_sales_price)
 from web_sales, customer, customer_address, date_dim, item
 where ws_bill_customer_sk = c_customer_sk
 	and c_current_addr_sk = ca_address_sk 
 	and ws_item_sk = i_item_sk 
 	and ( substr(ca_zip,1,5) in ('85669', '86197','88274','83405','86475', '85392', '85460', '80348', '81792')
 	      or 
 	      i_item_id in (select i_item_id
                             from item
                             where i_item_sk in (2, 3, 5, 7, 11, 13, 17, 19, 23, 29)
                             )
 	    )
 	and ws_sold_date_sk = d_date_sk
 	and d_qoy = 2 and d_year = 2000
 group by ca_zip, ca_county
 order by ca_zip, ca_county
 limit 100
POSTHOOK: type: QUERY
Plan optimized by CBO.

Vertex dependency in root stage
Reducer 10 <- Reducer 14 (SIMPLE_EDGE), Reducer 9 (SIMPLE_EDGE)
Reducer 11 <- Map 8 (SIMPLE_EDGE)
Reducer 12 <- Map 8 (CUSTOM_SIMPLE_EDGE)
Reducer 14 <- Map 13 (SIMPLE_EDGE), Map 15 (SIMPLE_EDGE)
Reducer 2 <- Map 1 (SIMPLE_EDGE), Map 7 (SIMPLE_EDGE)
Reducer 3 <- Reducer 10 (SIMPLE_EDGE), Reducer 2 (SIMPLE_EDGE)
Reducer 4 <- Reducer 12 (CUSTOM_SIMPLE_EDGE), Reducer 3 (CUSTOM_SIMPLE_EDGE)
Reducer 5 <- Reducer 4 (SIMPLE_EDGE)
Reducer 6 <- Reducer 5 (SIMPLE_EDGE)
Reducer 9 <- Map 8 (SIMPLE_EDGE), Reducer 11 (ONE_TO_ONE_EDGE)

Stage-0
  Fetch Operator
    limit:100
    Stage-1
      Reducer 6 vectorized
      File Output Operator [FS_154]
        Limit [LIM_153] (rows=100 width=152)
          Number of rows:100
          Select Operator [SEL_152] (rows=95833781 width=152)
            Output:["_col0","_col1","_col2"]
          <-Reducer 5 [SIMPLE_EDGE] vectorized
            SHUFFLE [RS_151]
              Group By Operator [GBY_150] (rows=95833781 width=152)
                Output:["_col0","_col1","_col2"],aggregations:["sum(VALUE._col0)"],keys:KEY._col0, KEY._col1
              <-Reducer 4 [SIMPLE_EDGE]
                SHUFFLE [RS_53]
                  PartitionCols:_col0, _col1
                  Group By Operator [GBY_52] (rows=191667562 width=152)
                    Output:["_col0","_col1","_col2"],aggregations:["sum(_col3)"],keys:_col8, _col7
                    Select Operator [SEL_51] (rows=191667562 width=152)
                      Output:["_col3","_col7","_col8"]
                      Filter Operator [FIL_50] (rows=191667562 width=152)
                        predicate:((substr(_col8, 1, 5)) IN ('85669', '86197', '88274', '83405', '86475', '85392', '85460', '80348', '81792') or CASE WHEN ((_col14 = 0L)) THEN (false) WHEN (_col17 is not null) THEN (true) WHEN (_col13 is null) THEN (null) WHEN ((_col15 < _col14)) THEN (null) ELSE (false) END)
                        Select Operator [SEL_49] (rows=191667562 width=152)
                          Output:["_col3","_col7","_col8","_col13","_col14","_col15","_col17"]
                          Top N Key Operator [TNK_82] (rows=191667562 width=152)
                            keys:_col4, _col3,sort order:++,top n:100
                            Merge Join Operator [MERGEJOIN_118] (rows=191667562 width=152)
                              Conds:(Inner),Output:["_col3","_col4","_col6","_col8","_col12","_col16","_col17"]
                            <-Reducer 12 [CUSTOM_SIMPLE_EDGE] vectorized
                              PARTITION_ONLY_SHUFFLE [RS_149]
                                Group By Operator [GBY_148] (rows=1 width=16)
                                  Output:["_col0","_col1"],aggregations:["count(VALUE._col0)","count(VALUE._col1)"]
                                <-Map 8 [CUSTOM_SIMPLE_EDGE] vectorized
                                  SHUFFLE [RS_137]
                                    Group By Operator [GBY_135] (rows=1 width=16)
                                      Output:["_col0","_col1"],aggregations:["count()","count(i_item_id)"]
                                      Select Operator [SEL_132] (rows=231000 width=1436)
                                        Output:["i_item_id"]
                                        Filter Operator [FIL_129] (rows=231000 width=1436)
                                          predicate:(i_item_sk) IN (2, 3, 5, 7, 11, 13, 17, 19, 23, 29)
                                          TableScan [TS_6] (rows=462000 width=1436)
                                            default@item,item,Tbl:COMPLETE,Col:NONE,Output:["i_item_sk","i_item_id"]
                            <-Reducer 3 [CUSTOM_SIMPLE_EDGE]
                              PARTITION_ONLY_SHUFFLE [RS_46]
                                Top N Key Operator [TNK_83] (rows=191667562 width=135)
                                  keys:_col4, _col3,sort order:++,top n:100
                                  Merge Join Operator [MERGEJOIN_117] (rows=191667562 width=135)
                                    Conds:RS_43._col0=RS_44._col6(Inner),Output:["_col3","_col4","_col6","_col8","_col12"]
                                  <-Reducer 10 [SIMPLE_EDGE]
                                    SHUFFLE [RS_44]
                                      PartitionCols:_col6
                                      Top N Key Operator [TNK_87] (rows=174243235 width=135)
                                        keys:_col3,sort order:+,top n:100
                                        Merge Join Operator [MERGEJOIN_116] (rows=174243235 width=135)
                                          Conds:RS_29._col0=RS_30._col1(Inner),Output:["_col1","_col3","_col6","_col7"]
                                        <-Reducer 14 [SIMPLE_EDGE]
                                          SHUFFLE [RS_30]
                                            PartitionCols:_col1
                                            Top N Key Operator [TNK_89] (rows=158402938 width=135)
                                              keys:_col3,sort order:+,top n:100
                                              Merge Join Operator [MERGEJOIN_114] (rows=158402938 width=135)
                                                Conds:RS_144._col0=RS_147._col0(Inner),Output:["_col1","_col2","_col3"]
                                              <-Map 13 [SIMPLE_EDGE] vectorized
                                                SHUFFLE [RS_144]
                                                  PartitionCols:_col0
                                                  Select Operator [SEL_143] (rows=144002668 width=135)
                                                    Output:["_col0","_col1","_col2","_col3"]
                                                    Filter Operator [FIL_142] (rows=144002668 width=135)
                                                      predicate:(ws_bill_customer_sk is not null and ws_item_sk is not null and ws_sold_date_sk is not null)
                                                      Top N Key Operator [TNK_141] (rows=144002668 width=135)
                                                        keys:ws_sales_price,sort order:+,top n:100
                                                        TableScan [TS_16] (rows=144002668 width=135)
                                                          default@web_sales,web_sales,Tbl:COMPLETE,Col:NONE,Output:["ws_sold_date_sk","ws_item_sk","ws_bill_customer_sk","ws_sales_price"]
                                              <-Map 15 [SIMPLE_EDGE] vectorized
                                                SHUFFLE [RS_147]
                                                  PartitionCols:_col0
                                                  Select Operator [SEL_146] (rows=18262 width=1119)
                                                    Output:["_col0"]
                                                    Filter Operator [FIL_145] (rows=18262 width=1119)
                                                      predicate:((d_qoy = 2) and (d_year = 2000) and d_date_sk is not null)
                                                      TableScan [TS_19] (rows=73049 width=1119)
                                                        default@date_dim,date_dim,Tbl:COMPLETE,Col:NONE,Output:["d_date_sk","d_year","d_qoy"]
                                        <-Reducer 9 [SIMPLE_EDGE]
                                          SHUFFLE [RS_29]
                                            PartitionCols:_col0
                                            Top N Key Operator [TNK_88] (rows=508200 width=1436)
                                              keys:_col3,sort order:+,top n:100
                                              Merge Join Operator [MERGEJOIN_113] (rows=508200 width=1436)
                                                Conds:RS_133._col1=RS_140._col0(Left Outer),Output:["_col0","_col1","_col3"]
                                              <-Map 8 [SIMPLE_EDGE] vectorized
                                                SHUFFLE [RS_133]
                                                  PartitionCols:_col1
                                                  Select Operator [SEL_130] (rows=462000 width=1436)
                                                    Output:["_col0","_col1"]
                                                    Filter Operator [FIL_127] (rows=462000 width=1436)
                                                      predicate:i_item_sk is not null
                                                       Please refer to the previous TableScan [TS_6]
                                              <-Reducer 11 [ONE_TO_ONE_EDGE] vectorized
                                                FORWARD [RS_140]
                                                  PartitionCols:_col0
                                                  Select Operator [SEL_139] (rows=115500 width=1436)
                                                    Output:["_col0","_col1"]
                                                    Group By Operator [GBY_138] (rows=115500 width=1436)
                                                      Output:["_col0"],keys:KEY._col0
                                                    <-Map 8 [SIMPLE_EDGE] vectorized
                                                      SHUFFLE [RS_136]
                                                        PartitionCols:_col0
                                                        Group By Operator [GBY_134] (rows=231000 width=1436)
                                                          Output:["_col0"],keys:i_item_id
                                                          Select Operator [SEL_131] (rows=231000 width=1436)
                                                            Output:["i_item_id"]
                                                            Filter Operator [FIL_128] (rows=231000 width=1436)
                                                              predicate:(i_item_sk) IN (2, 3, 5, 7, 11, 13, 17, 19, 23, 29)
                                                               Please refer to the previous TableScan [TS_6]
                                  <-Reducer 2 [SIMPLE_EDGE]
                                    SHUFFLE [RS_43]
                                      PartitionCols:_col0
                                      Top N Key Operator [TNK_84] (rows=88000001 width=860)
                                        keys:_col4, _col3,sort order:++,top n:100
                                        Merge Join Operator [MERGEJOIN_115] (rows=88000001 width=860)
                                          Conds:RS_122._col1=RS_126._col0(Inner),Output:["_col0","_col3","_col4"]
                                        <-Map 1 [SIMPLE_EDGE] vectorized
                                          SHUFFLE [RS_122]
                                            PartitionCols:_col1
                                            Select Operator [SEL_121] (rows=80000000 width=860)
                                              Output:["_col0","_col1"]
                                              Filter Operator [FIL_120] (rows=80000000 width=860)
                                                predicate:(c_current_addr_sk is not null and c_customer_sk is not null)
                                                Top N Key Operator [TNK_119] (rows=80000000 width=860)
                                                  keys:c_customer_sk,sort order:+,top n:100
                                                  TableScan [TS_0] (rows=80000000 width=860)
                                                    default@customer,customer,Tbl:COMPLETE,Col:NONE,Output:["c_customer_sk","c_current_addr_sk"]
                                        <-Map 7 [SIMPLE_EDGE] vectorized
                                          SHUFFLE [RS_126]
                                            PartitionCols:_col0
                                            Select Operator [SEL_125] (rows=40000000 width=1014)
                                              Output:["_col0","_col1","_col2"]
                                              Filter Operator [FIL_124] (rows=40000000 width=1014)
                                                predicate:ca_address_sk is not null
                                                Top N Key Operator [TNK_123] (rows=40000000 width=1014)
                                                  keys:ca_zip, ca_county,sort order:++,top n:100
                                                  TableScan [TS_3] (rows=40000000 width=1014)
                                                    default@customer_address,customer_address,Tbl:COMPLETE,Col:NONE,Output:["ca_address_sk","ca_county","ca_zip"]

